files/23.csv
id,week,center_id,meal_id,checkout_price,base_price,emailer_for_promotion,homepage_featured,num_orders
1008910,1,23,1778,181.42,181.42,0,0,365
1472898,2,23,1778,184.33,185.33,0,0,351
1166076,3,23,1778,180.48,179.48,0,0,324
1105413,4,23,1778,184.33,183.33,0,0,311
1276335,5,23,1778,182.36,184.36,0,0,405
1201577,6,23,1778,159.14,182.36,0,0,433
1403591,7,23,1778,163.02,184.36,0,0,674
1065942,8,23,1778,162.05,182.36,0,0,271
1388254,9,23,1778,159.11,182.36,0,0,662
1253109,10,23,1778,160.05,182.36,0,0,555
1184589,11,23,1778,158.11,183.36,0,0,878
1316049,12,23,1778,184.36,184.36,0,0,391
1301390,13,23,1778,183.33,183.33,0,0,420
1185690,14,23,1778,183.33,185.33,0,0,459
1185305,15,23,1778,185.33,185.33,0,0,364
1179407,16,23,1778,183.36,183.36,0,0,271
1081735,17,23,1778,161.99,184.36,1,0,433
1045697,18,23,1778,161.99,184.36,0,0,622
1476794,19,23,1778,160.08,182.36,0,0,446
1267128,20,23,1778,157.14,184.36,0,0,230
1464948,21,23,1778,161.05,183.36,0,0,460
1244938,22,23,1778,161.05,183.36,0,0,783
1410326,23,23,1778,161.08,182.36,0,0,824
1427785,24,23,1778,182.39,181.39,0,0,365
1438731,25,23,1778,184.33,183.33,0,0,284
1162851,26,23,1778,185.33,183.33,0,0,364
1488798,27,23,1778,180.42,180.42,0,0,190
1392118,28,23,1778,182.36,182.36,0,0,350
1095182,29,23,1778,184.33,185.33,0,0,230
1079549,30,23,1778,162.02,185.33,0,0,323
1432979,31,23,1778,161.05,185.33,0,0,595
1416547,32,23,1778,161.08,183.33,1,0,648
1217199,33,23,1778,161.02,185.33,0,0,688
1152987,34,23,1778,161.02,183.33,0,0,554
1074012,35,23,1778,163.99,183.33,0,0,609
1000906,36,23,1778,163.99,184.33,0,0,690
1493325,37,23,1778,178.48,180.48,0,0,377
1172172,38,23,1778,185.33,185.33,0,0,82
1329799,39,23,1778,185.33,185.33,0,0,392
1134285,40,23,1778,182.36,184.36,0,0,555
1262784,41,23,1778,183.33,185.33,0,0,175
1062264,42,23,1778,185.33,183.33,0,0,432
1216838,43,23,1778,183.33,184.33,0,0,202
1227102,44,23,1778,185.33,183.33,0,0,338
1048352,45,23,1778,163.99,183.33,0,0,391
1453110,46,23,1778,162.05,184.33,0,0,339
1100769,47,23,1778,159.11,183.33,0,0,258
1345708,48,23,1778,185.33,185.33,0,0,377
1444651,49,23,1778,181.39,182.39,0,0,283
1038258,50,23,1778,183.33,184.33,0,0,296
1269044,51,23,1778,178.54,176.54,0,0,122
1031828,52,23,1778,185.33,183.33,0,0,243
1172715,53,23,1778,184.33,185.33,0,0,419
1031296,54,23,1778,183.36,182.36,0,0,285
1328315,55,23,1778,181.39,182.39,0,0,324
1350630,56,23,1778,182.42,181.42,0,0,323
1164132,57,23,1778,162.05,182.42,0,0,850
1067146,58,23,1778,159.14,180.42,0,0,379
1154205,59,23,1778,161.05,182.42,0,0,500
1074897,60,23,1778,159.14,180.42,0,0,404
1279913,61,23,1778,161.05,181.42,0,0,566
1326752,62,23,1778,185.33,185.33,0,0,54
1205309,63,23,1778,181.39,182.39,0,0,189
1072887,64,23,1778,184.36,182.36,0,0,283
1232797,65,23,1778,159.08,182.36,0,0,393
1378359,66,23,1778,160.11,184.36,0,0,526
1331174,67,23,1778,161.08,182.36,0,0,527
1318510,68,23,1778,161.05,183.36,0,0,512
1331044,69,23,1778,183.33,184.33,0,0,487
1242563,70,23,1778,184.33,184.33,0,0,189
1106546,71,23,1778,182.39,182.39,0,0,445
1033992,72,23,1778,184.33,183.33,0,0,404
1056324,73,23,1778,181.42,182.42,0,0,364
1240436,74,23,1778,184.33,184.33,0,0,539
1411294,75,23,1778,181.39,181.39,0,0,501
1186557,76,23,1778,182.39,181.39,0,0,379
1151810,77,23,1778,181.42,180.42,0,0,203
1219012,78,23,1778,181.39,182.39,0,0,338
1412888,79,23,1778,182.39,183.39,0,0,364
1311252,80,23,1778,185.33,185.33,0,0,364
1303125,81,23,1778,183.39,181.39,0,0,393
1356492,82,23,1778,184.36,184.36,0,0,391
1433993,83,23,1778,165.87,167.87,0,0,580
1076560,84,23,1778,185.33,185.33,0,0,311
1377252,85,23,1778,182.39,181.39,0,0,447
1329467,86,23,1778,181.39,182.39,0,0,242
1401460,87,23,1778,181.42,182.42,0,0,406
1330006,88,23,1778,167.84,168.84,0,0,379
1244104,89,23,1778,159.11,159.11,0,0,553
1393479,90,23,1778,163.02,163.02,0,0,391
1236490,91,23,1778,161.02,161.02,0,0,649
1023301,92,23,1778,163.02,163.02,0,0,431
1233150,93,23,1778,160.08,161.08,0,0,554
1305921,94,23,1778,161.99,161.99,0,0,580
1257038,95,23,1778,162.99,163.99,0,0,458
1010907,96,23,1778,163.99,163.99,0,0,499
1412539,97,23,1778,162.05,162.05,0,0,177
1429158,98,23,1778,160.11,160.11,0,0,445
1321833,99,23,1778,160.05,161.05,0,0,188
1156773,100,23,1778,153.32,152.32,0,0,447
1056247,101,23,1778,161.02,161.02,0,0,364
1040499,102,23,1778,161.05,162.05,0,0,473
1308109,103,23,1778,161.99,161.99,0,0,244
1059286,104,23,1778,161.99,163.99,0,0,379
1230383,105,23,1778,161.99,163.99,0,0,420
1123627,106,23,1778,162.99,161.99,0,0,527
1358689,107,23,1778,161.02,162.02,0,0,446
1344398,108,23,1778,160.05,160.05,0,0,431
1491437,109,23,1778,182.36,184.36,0,0,717
1314793,110,23,1778,180.45,181.45,0,0,539
1013134,111,23,1778,183.36,184.36,0,0,459
1345477,112,23,1778,182.36,184.36,0,0,582
1255286,113,23,1778,160.05,182.36,0,1,594
1148840,114,23,1778,163.99,184.36,1,0,310
1400684,115,23,1778,161.99,182.36,0,0,230
1455733,116,23,1778,161.99,182.36,1,0,432
1321548,117,23,1778,181.42,182.42,0,0,595
1253514,118,23,1778,181.39,182.39,0,0,609
1238304,119,23,1778,192.06,194.06,0,0,485
1254258,120,23,1778,191.15,189.15,0,0,555
1413138,121,23,1778,192.06,194.06,0,0,379
1237678,122,23,1778,195.03,194.03,0,0,675
1423504,123,23,1778,194.06,192.06,0,0,216
1104196,124,23,1778,191.09,192.09,0,0,446
1170730,125,23,1778,194.03,194.03,0,0,580
1373547,126,23,1778,192.06,192.06,0,0,608
1081634,127,23,1778,191.09,193.09,0,0,431
1479203,128,23,1778,189.15,189.15,0,0,432
1291178,129,23,1778,195.03,195.03,0,0,297
1018521,130,23,1778,187.24,186.24,0,0,554
1051950,131,23,1778,193.09,191.09,0,0,447
1141942,132,23,1778,163.02,192.09,0,1,649
1412453,133,23,1778,162.05,193.09,0,1,689
1441870,134,23,1778,161.99,193.09,0,1,769
1419850,135,23,1778,191.15,190.15,0,0,756
1038868,136,23,1778,185.27,185.27,0,0,447
1257384,137,23,1778,180.42,181.42,0,0,392
1414871,138,23,1778,192.06,193.06,0,0,526
1103631,139,23,1778,193.06,192.06,0,0,431
1160670,140,23,1778,195.03,195.03,0,0,609
1284730,141,23,1778,190.12,192.12,0,0,473
1454777,142,23,1778,189.15,189.15,0,0,431
1453270,143,23,1778,193.09,191.09,0,0,715
1127649,144,23,1778,190.12,191.12,0,0,567
1156033,145,23,1778,182.39,183.39,0,0,269
1232218,1,23,1062,183.36,183.36,0,0,540
1455306,2,23,1062,185.33,184.33,0,0,365
1127603,3,23,1062,182.36,183.36,0,0,352
1284222,4,23,1062,184.33,184.33,0,0,458
1358427,5,23,1062,183.39,182.39,0,0,337
1083547,6,23,1062,160.08,183.39,0,0,607
1293016,7,23,1062,162.05,181.39,0,0,377
1490020,8,23,1062,162.99,181.39,0,0,323
1088908,9,23,1062,162.05,182.39,0,0,486
1402178,10,23,1062,159.08,181.39,0,0,513
1066007,11,23,1062,163.99,181.39,0,0,447
1247985,12,23,1062,185.33,185.33,0,0,433
1312254,13,23,1062,184.36,183.36,0,0,460
1286142,14,23,1062,184.36,182.36,0,0,256
1434463,15,23,1062,185.33,185.33,0,0,404
1476637,16,23,1062,185.33,184.33,0,0,364
1003260,17,23,1062,163.96,184.33,1,0,716
1206855,18,23,1062,161.02,183.33,0,0,500
1108436,19,23,1062,162.05,185.33,0,0,528
1405105,20,23,1062,162.02,184.33,0,0,609
1253699,21,23,1062,160.05,185.33,0,0,581
1354696,22,23,1062,162.05,183.33,0,0,798
1346612,23,23,1062,161.05,183.33,0,0,568
1300107,24,23,1062,183.36,183.36,0,0,378
1076891,25,23,1062,181.39,182.39,0,0,487
1489935,26,23,1062,182.39,181.39,0,0,501
1147301,27,23,1062,184.36,182.36,0,0,297
1371813,28,23,1062,184.33,184.33,0,0,499
1147581,29,23,1062,185.33,183.33,0,0,405
1083940,30,23,1062,163.99,185.33,0,0,811
1228404,31,23,1062,161.99,185.33,0,0,796
1431661,32,23,1062,158.11,185.33,1,0,904
1280372,33,23,1062,163.02,184.33,0,0,541
1388397,34,23,1062,163.02,185.33,0,0,581
1027438,35,23,1062,161.02,185.33,0,0,715
1228521,36,23,1062,161.99,183.33,0,0,513
1124580,37,23,1062,182.36,184.36,0,0,392
1132470,38,23,1062,183.36,183.36,0,0,377
1344376,39,23,1062,181.42,182.42,0,0,566
1002632,40,23,1062,183.39,181.39,0,0,622
1373636,41,23,1062,182.42,182.42,0,0,420
1327806,42,23,1062,183.33,184.33,0,0,487
1365510,43,23,1062,182.36,182.36,0,0,446
1095571,44,23,1062,183.36,182.36,0,0,514
1344625,45,23,1062,163.02,182.36,0,0,594
1453333,46,23,1062,163.02,182.36,0,0,662
1205316,47,23,1062,162.02,182.36,0,0,607
1476417,48,23,1062,183.33,185.33,0,0,797
1451630,49,23,1062,181.39,181.39,0,0,500
1105887,50,23,1062,185.33,185.33,0,0,312
1017870,51,23,1062,183.33,183.33,0,0,28
1179664,52,23,1062,179.45,179.45,0,0,393
1027905,53,23,1062,184.33,184.33,0,0,310
1052031,54,23,1062,183.33,185.33,0,0,69
1333391,55,23,1062,183.33,183.33,0,0,580
1199662,56,23,1062,182.36,183.36,0,0,433
1464887,57,23,1062,161.02,184.36,0,0,567
1464268,58,23,1062,161.08,184.36,0,0,743
1187048,59,23,1062,161.05,183.36,0,0,717
1458489,60,23,1062,161.05,182.36,0,0,364
1046809,61,23,1062,161.02,184.36,0,0,851
1476957,62,23,1062,181.39,181.39,0,0,134
1018324,63,23,1062,185.33,184.33,0,0,242
1422749,64,23,1062,185.33,185.33,0,0,243
1244939,65,23,1062,162.05,185.33,0,0,541
1211642,66,23,1062,162.02,185.33,0,0,648
1336961,67,23,1062,161.05,185.33,0,0,514
1104477,68,23,1062,160.08,185.33,0,0,258
1447347,69,23,1062,182.42,182.42,0,0,298
1056847,70,23,1062,181.45,179.45,0,0,325
1077182,71,23,1062,183.33,185.33,0,0,393
1433490,72,23,1062,183.36,184.36,0,0,325
1168724,73,23,1062,181.39,183.39,0,0,350
1019147,74,23,1062,182.36,182.36,0,0,499
1151301,75,23,1062,184.33,183.33,0,0,418
1158527,76,23,1062,184.33,184.33,0,0,352
1142441,77,23,1062,181.39,183.39,0,0,446
1314161,78,23,1062,182.39,183.39,0,0,378
1188813,79,23,1062,183.36,182.36,0,0,365
1454567,80,23,1062,183.36,182.36,0,0,500
1342759,81,23,1062,183.36,184.36,0,0,392
1285353,82,23,1062,184.36,183.36,0,0,378
1342291,83,23,1062,166.84,168.84,0,0,663
1306288,84,23,1062,184.33,183.33,0,0,485
1334142,85,23,1062,182.36,183.36,0,0,460
1251935,86,23,1062,184.36,184.36,0,0,378
1101532,87,23,1062,182.36,182.36,0,0,513
1245594,88,23,1062,166.87,166.87,0,0,662
1420912,89,23,1062,162.05,161.05,0,0,582
1196001,90,23,1062,162.96,163.96,0,0,392
1169955,91,23,1062,159.08,159.08,0,0,433
1261634,92,23,1062,161.99,163.99,0,0,324
1040586,93,23,1062,163.99,163.99,0,0,404
1455730,94,23,1062,163.02,161.02,0,0,485
1319581,95,23,1062,160.05,162.05,0,0,568
1115044,96,23,1062,163.96,162.96,0,0,338
1326028,97,23,1062,161.99,162.99,0,0,82
1204677,98,23,1062,162.02,161.02,0,0,527
1272203,99,23,1062,162.99,161.99,0,0,257
1311452,100,23,1062,163.02,161.02,0,0,701
1062164,101,23,1062,162.99,163.99,0,0,242
1128403,102,23,1062,161.05,161.05,0,0,285
1168879,103,23,1062,161.02,163.02,0,0,486
1149070,104,23,1062,163.99,163.99,0,0,594
1242501,105,23,1062,163.99,162.99,0,0,609
1129068,106,23,1062,163.99,163.99,0,0,150
1254493,107,23,1062,163.99,161.99,0,0,256
1062170,108,23,1062,162.99,161.99,0,0,188
1111882,109,23,1062,183.39,183.39,0,0,445
1492972,110,23,1062,180.45,180.45,0,0,217
1395707,111,23,1062,183.39,182.39,0,0,296
1107776,112,23,1062,183.39,183.39,0,0,161
1208842,113,23,1062,162.02,183.39,0,0,527
1019923,114,23,1062,161.05,181.39,1,1,554
1325895,115,23,1062,163.99,182.39,0,1,163
1478075,116,23,1062,162.02,181.39,1,0,243
1353317,117,23,1062,183.33,183.33,0,0,177
1325353,118,23,1062,183.33,183.33,0,0,244
1009378,119,23,1062,193.03,193.03,0,0,296
1097681,120,23,1062,195.03,194.03,0,0,176
1256141,121,23,1062,195.03,195.03,0,0,242
1145367,122,23,1062,192.06,192.06,0,0,270
1261714,123,23,1062,192.09,192.09,0,0,150
1449884,124,23,1062,194.06,192.06,0,0,189
1059192,125,23,1062,193.09,192.09,0,0,175
1028335,126,23,1062,190.18,188.18,0,0,311
1272026,127,23,1062,190.12,191.12,0,0,257
1388989,128,23,1062,193.06,194.06,0,0,190
1358605,129,23,1062,192.06,194.06,0,0,310
1387227,130,23,1062,193.03,194.03,0,0,324
1079485,131,23,1062,191.09,193.09,0,0,391
1132324,132,23,1062,163.02,191.09,0,1,539
1418936,133,23,1062,163.02,193.09,0,1,499
1393685,134,23,1062,162.05,192.09,0,1,636
1305856,135,23,1062,195,194,0,0,555
1233492,136,23,1062,193.09,191.09,0,0,325
1244232,137,23,1062,189.15,190.15,0,0,419
1387412,138,23,1062,191.09,191.09,0,0,512
1131084,139,23,1062,195.03,194.03,0,0,499
1159672,140,23,1062,192.09,191.09,0,0,568
1018903,141,23,1062,194.06,194.06,0,0,419
1304412,142,23,1062,192.09,193.09,0,0,351
1098727,143,23,1062,193.09,193.09,0,0,433
1174099,144,23,1062,190.12,192.12,0,0,635
1065730,145,23,1062,195.03,194.03,0,0,391
