files/23.csv
id,week,center_id,meal_id,checkout_price,base_price,emailer_for_promotion,homepage_featured,num_orders
1056639,1,23,2826,307.49,307.49,0,0,459
1309020,2,23,2826,311.43,310.43,0,0,527
1226163,3,23,2826,309.43,310.43,0,0,568
1207935,4,23,2826,311.43,310.43,0,0,608
1401590,5,23,2826,311.43,309.43,0,0,514
1057031,6,23,2826,309.43,309.43,0,0,487
1048478,7,23,2826,311.43,309.43,0,0,555
1267996,8,23,2826,309.43,311.43,0,0,634
1135050,9,23,2826,309.43,310.43,0,0,703
1109025,10,23,2826,221.16,309.43,1,0,1769
1374472,11,23,2826,250.32,309.43,1,0,1133
1100367,12,23,2826,248.38,310.43,0,0,1012
1417625,13,23,2826,309.43,310.43,0,0,810
1277448,14,23,2826,309.43,309.43,0,0,555
1332101,15,23,2826,321.13,320.13,0,0,514
1283041,16,23,2826,319.13,321.13,0,0,541
1064088,17,23,2826,320.13,319.13,0,0,431
1260327,18,23,2826,200.85,321.13,1,1,2200
1157566,19,23,2826,247.38,319.13,0,1,1336
1036579,20,23,2826,321.13,320.13,0,0,568
1377615,21,23,2826,319.13,321.13,0,0,405
1040225,22,23,2826,316.22,316.22,0,0,392
1347829,23,23,2826,320.13,320.13,0,0,635
1087639,24,23,2826,319.13,321.13,0,0,581
1421999,25,23,2826,321.13,320.13,0,0,433
1064076,26,23,2826,320.13,319.13,0,0,648
1003744,27,23,2826,319.13,319.13,0,0,432
1108854,28,23,2826,293.91,320.13,1,0,433
1450835,29,23,2826,294.94,321.13,1,0,622
1482696,30,23,2826,320.13,320.13,0,0,567
1226897,31,23,2826,320.13,319.13,0,0,769
1448102,32,23,2826,321.13,320.13,0,0,446
1370948,33,23,2826,321.13,320.13,0,0,595
1115432,34,23,2826,319.13,319.13,0,0,566
1060590,35,23,2826,320.13,320.13,0,0,149
1475351,36,23,2826,320.13,319.13,0,0,609
1484118,37,23,2826,315.25,315.25,0,0,580
1251380,38,23,2826,320.13,319.13,0,0,513
1363318,39,23,2826,320.13,321.13,0,0,702
1188707,40,23,2826,319.13,320.13,0,0,582
1251274,41,23,2826,320.13,320.13,0,0,472
1390433,42,23,2826,319.13,321.13,0,0,406
1034081,43,23,2826,320.13,320.13,0,0,635
1184621,44,23,2826,321.13,319.13,0,0,663
1289547,45,23,2826,319.13,320.13,0,0,649
1083635,46,23,2826,253.23,319.13,1,0,323
1467133,47,23,2826,257.05,319.13,0,0,985
1409359,48,23,2826,320.13,321.13,0,0,1068
1438235,49,23,2826,320.13,321.13,0,0,621
1019134,50,23,2826,321.13,321.13,0,0,703
1293570,51,23,2826,321.13,320.13,0,0,486
1370305,52,23,2826,302.64,304.64,0,0,702
1407008,53,23,2826,302.64,302.64,0,0,595
1011596,54,23,2826,304.64,304.64,0,0,566
1105793,55,23,2826,297.79,298.79,0,0,445
1168318,56,23,2826,304.64,304.64,0,0,460
1101554,57,23,2826,303.64,303.64,0,0,567
1259152,58,23,2826,302.64,304.64,0,0,595
1289162,59,23,2826,302.64,304.64,0,0,635
1430723,60,23,2826,248.38,303.64,1,0,1566
1459434,61,23,2826,301.67,303.67,0,0,783
1133861,62,23,2826,302.64,303.64,0,0,162
1469230,63,23,2826,273.57,302.64,1,0,945
1356173,64,23,2826,271.63,302.64,1,0,1080
1336441,65,23,2826,302.7,301.7,0,0,500
1415491,66,23,2826,303.64,302.64,0,0,485
1330083,67,23,2826,304.64,302.64,0,0,554
1291349,68,23,2826,304.64,303.64,0,0,474
1425634,69,23,2826,252.26,303.64,1,1,1431
1179241,70,23,2826,296.82,298.82,0,0,514
1220410,71,23,2826,304.64,303.64,0,0,432
1082189,72,23,2826,304.64,303.64,0,0,460
1490374,73,23,2826,304.64,304.64,0,0,501
1121530,74,23,2826,303.64,303.64,0,0,553
1374976,75,23,2826,249.32,303.64,1,0,836
1078398,76,23,2826,249.35,302.64,0,1,688
1154674,77,23,2826,302.64,304.64,0,0,459
1443982,78,23,2826,303.64,303.64,0,0,663
1200983,79,23,2826,205.64,303.64,1,0,1162
1371707,80,23,2826,303.64,303.64,0,0,459
1479773,81,23,2826,303.64,304.64,0,0,406
1371260,82,23,2826,302.64,303.64,0,0,648
1136550,83,23,2826,304.64,304.64,0,0,473
1088258,84,23,2826,302.64,302.64,0,0,501
1133178,85,23,2826,299.73,299.73,0,0,378
1285250,86,23,2826,303.64,302.64,0,0,352
1482409,87,23,2826,304.64,304.64,0,0,688
1032376,88,23,2826,302.64,304.64,0,0,161
1398648,89,23,2826,303.64,303.64,0,0,365
1488915,90,23,2826,302.64,303.64,0,0,378
1063519,91,23,2826,302.64,304.64,0,0,337
1286362,92,23,2826,302.64,302.64,0,0,269
1122216,93,23,2826,303.64,304.64,0,0,366
1262922,94,23,2826,249.29,302.64,0,0,621
1085698,95,23,2826,249.32,304.64,0,0,676
1057575,96,23,2826,253.17,302.64,0,0,676
1361503,97,23,2826,259.96,302.64,0,0,391
1306078,98,23,2826,251.26,303.64,0,0,526
1396634,99,23,2826,290.03,291.03,0,0,568
1105317,100,23,2826,291.03,292.03,0,0,728
1003323,101,23,2826,292.03,290.03,0,0,472
1323129,102,23,2826,290.03,292.03,0,0,500
1251871,103,23,2826,291.03,290.03,0,0,567
1276876,104,23,2826,291.03,291.03,0,0,944
1037823,105,23,2826,290.03,292.03,0,0,1000
1173758,106,23,2826,292.03,292.03,0,0,514
1382072,107,23,2826,292.03,291.03,0,0,405
1417415,108,23,2826,290.03,291.03,0,0,324
1081555,109,23,2826,286.18,287.18,0,0,433
1137397,110,23,2826,246.41,285.18,1,1,782
1349527,111,23,2826,248.35,287.18,0,0,918
1392126,112,23,2826,246.44,287.18,0,1,1322
1294886,113,23,2826,324.01,323.01,0,0,419
1450214,114,23,2826,328.86,327.86,0,0,418
1163297,115,23,2826,327.86,328.86,0,0,270
1307465,116,23,2826,327.86,327.86,0,0,405
1154874,117,23,2826,348.29,348.29,0,0,555
1452923,118,23,2826,348.29,348.29,0,0,377
1277027,119,23,2826,347.29,346.29,0,0,418
1293201,120,23,2826,346.29,348.29,0,0,419
1359781,121,23,2826,346.29,347.29,0,0,771
1481655,122,23,2826,348.29,348.29,0,0,406
1195591,123,23,2826,347.29,347.29,0,0,418
1425269,124,23,2826,348.29,347.29,0,0,581
1444744,125,23,2826,346.29,348.29,0,0,514
1325258,126,23,2826,347.29,347.29,0,0,485
1324270,127,23,2826,348.29,348.29,0,0,365
1024062,128,23,2826,236.74,348.29,1,1,3336
1204546,129,23,2826,250.32,348.29,1,1,2173
1250854,130,23,2826,346.32,346.32,0,0,837
1429368,131,23,2826,347.29,346.29,0,0,566
1183432,132,23,2826,347.29,348.29,0,0,728
1034084,133,23,2826,377.33,379.33,0,0,663
1330472,134,23,2826,377.33,378.33,0,0,662
1348259,135,23,2826,378.33,378.33,0,0,674
1424942,136,23,2826,379.33,379.33,0,0,472
1297472,137,23,2826,378.33,377.33,0,0,566
1192542,138,23,2826,379.33,377.33,0,0,622
1244706,139,23,2826,379.33,377.33,0,0,675
1296796,140,23,2826,378.33,379.33,0,0,649
1121830,141,23,2826,379.33,379.33,0,0,527
1151024,142,23,2826,377.33,377.33,0,0,446
1235478,143,23,2826,378.33,378.33,0,0,717
1166630,144,23,2826,377.33,379.33,0,0,527
1458234,145,23,2826,379.33,378.33,0,0,540
1034387,1,23,1754,272.57,272.57,0,0,446
1165172,2,23,1754,290.03,292.03,0,0,594
1427582,3,23,1754,290.03,290.03,0,0,568
1084902,4,23,1754,288.15,287.15,0,0,540
1468739,5,23,1754,250.26,288.15,0,0,297
1064425,6,23,1754,192.12,286.15,0,0,433
1040118,7,23,1754,145.5,288.15,0,0,351
1358226,8,23,1754,246.44,286.15,0,0,258
1068164,9,23,1754,241.53,286.15,0,0,244
1381697,10,23,1754,247.41,286.15,0,0,176
1354113,11,23,1754,244.44,246.44,0,0,258
1462668,12,23,1754,240.59,239.59,0,0,202
1226348,13,23,1754,292.03,290.03,0,0,500
1347243,14,23,1754,266.81,266.81,0,0,459
1389389,15,23,1754,275.48,276.48,0,0,404
1348737,16,23,1754,292.03,291.03,0,0,244
1425591,17,23,1754,291.03,290.03,0,0,284
1360416,18,23,1754,193.03,292.03,1,1,2688
1498612,19,23,1754,223.13,290.03,0,1,1418
1332321,20,23,1754,266.78,266.78,0,0,325
1395973,21,23,1754,261.9,265.78,0,1,554
1492923,22,23,1754,238.62,265.78,1,1,1810
1077519,23,23,1754,236.71,265.78,1,1,797
1465289,24,23,1754,279.36,280.36,0,0,338
1198350,25,23,1754,279.36,281.36,0,0,447
1312365,26,23,1754,261.9,263.9,0,0,432
1059393,27,23,1754,271.63,270.63,0,0,433
1469637,28,23,1754,281.36,280.36,0,0,175
1464868,29,23,1754,279.36,279.36,0,0,162
1016809,30,23,1754,165.93,280.36,1,0,2471
1476132,31,23,1754,248.38,279.36,0,0,716
1329870,32,23,1754,238.65,280.36,1,1,1810
1344299,33,23,1754,258.02,259.02,0,0,406
1006622,34,23,1754,291.03,290.03,0,0,391
1037890,35,23,1754,291.03,291.03,0,0,136
1274389,36,23,1754,282.3,283.3,0,0,433
1335434,37,23,1754,292.03,290.03,0,0,446
1409728,38,23,1754,290.03,292.03,0,0,230
1076144,39,23,1754,309.43,311.43,0,0,284
1437821,40,23,1754,297.79,298.79,0,0,364
1302702,41,23,1754,291.97,293.97,0,0,243
1448682,42,23,1754,311.43,310.43,0,0,150
1071695,43,23,1754,311.43,310.43,0,0,135
1088137,44,23,1754,285.24,283.24,0,0,325
1433551,45,23,1754,293,292,0,0,230
1442344,46,23,1754,238.65,292,1,1,486
1105534,47,23,1754,244.5,293,0,1,1095
1418194,48,23,1754,188.24,291,1,1,2078
1341342,49,23,1754,296.85,296.85,0,0,296
1216230,50,23,1754,310.43,309.43,0,0,298
1369359,51,23,1754,310.43,310.43,0,0,244
1045512,52,23,1754,291.03,290.03,0,0,337
1036488,53,23,1754,286.21,286.21,0,0,730
1421048,54,23,1754,279.36,279.36,0,0,121
1166368,55,23,1754,290.03,291.03,0,0,351
1121314,56,23,1754,292.03,291.03,0,0,283
1330154,57,23,1754,265.78,266.78,0,0,485
1292121,58,23,1754,216.37,266.78,0,0,310
1155373,59,23,1754,244.44,267.78,0,1,256
1231252,60,23,1754,242.56,267.78,1,1,3401
1232453,61,23,1754,275.48,277.48,0,0,566
1482008,62,23,1754,261.96,259.96,0,0,148
1246833,63,23,1754,269.72,267.72,0,0,176
1043427,64,23,1754,248.32,248.32,0,0,122
1322228,65,23,1754,267.75,268.75,0,0,582
1068801,66,23,1754,265.81,265.81,0,0,527
1096023,67,23,1754,279.36,279.36,0,0,339
1086837,68,23,1754,193.09,280.36,1,1,2269
1263964,69,23,1754,187.21,279.36,0,1,2377
1313347,70,23,1754,192.06,281.36,1,1,3147
1471687,71,23,1754,192.09,280.36,0,1,1513
1327369,72,23,1754,259.96,261.96,0,0,391
1200928,73,23,1754,270.69,269.69,0,0,486
1091496,74,23,1754,272.6,271.6,0,0,729
1144545,75,23,1754,235.71,272.6,1,0,405
1213961,76,23,1754,242.5,271.6,0,0,636
1234777,77,23,1754,280.36,280.36,0,0,325
1390120,78,23,1754,267.72,268.72,0,0,486
1205204,79,23,1754,199.85,268.72,1,0,2377
1331893,80,23,1754,268.72,267.72,0,0,539
1034580,81,23,1754,280.36,280.36,0,0,379
1337528,82,23,1754,279.36,280.36,0,0,555
1348098,83,23,1754,279.36,281.36,0,0,648
1280483,84,23,1754,281.36,279.36,0,0,446
1450779,85,23,1754,281.36,281.36,0,0,243
1020283,86,23,1754,281.36,281.36,0,0,202
1305703,87,23,1754,310.43,309.43,0,0,188
1276742,88,23,1754,288.12,287.12,0,0,188
1424780,89,23,1754,311.43,311.43,0,0,95
1439714,90,23,1754,309.43,310.43,0,0,94
1031257,91,23,1754,289.06,290.06,0,0,202
1079226,92,23,1754,261.93,261.93,0,0,215
1376552,93,23,1754,309.43,309.43,0,0,256
1371928,94,23,1754,310.43,311.43,0,0,298
1096516,95,23,1754,311.43,311.43,0,0,283
1353699,96,23,1754,310.43,310.43,0,0,244
1371378,97,23,1754,311.43,310.43,0,0,107
1275656,98,23,1754,305.58,306.58,0,0,243
1336701,99,23,1754,322.04,324.04,0,0,230
1079576,100,23,1754,324.04,323.04,0,0,311
1268352,101,23,1754,306.58,305.58,0,0,244
1216936,102,23,1754,286.15,286.15,0,0,243
1428294,103,23,1754,323.04,323.04,0,0,175
1370042,104,23,1754,285.21,324.04,0,0,231
1456349,105,23,1754,323.04,323.04,0,0,366
1479548,106,23,1754,324.04,324.04,0,0,134
1454248,107,23,1754,324.04,324.04,0,0,162
1206186,108,23,1754,324.04,324.04,0,0,202
1468941,109,23,1754,316.25,315.25,0,0,337
1409116,110,23,1754,237.65,317.25,1,1,1471
1269498,111,23,1754,237.71,316.25,0,1,1444
1034783,112,23,1754,242.5,317.25,0,1,1446
1391827,113,23,1754,309.43,311.43,0,0,350
1069856,114,23,1754,297.82,297.82,0,0,177
1386173,115,23,1754,322.04,322.04,0,0,134
1146035,116,23,1754,319.13,321.13,0,0,163
1020451,117,23,1754,320.16,319.16,0,0,134
1436935,118,23,1754,319.16,318.16,0,0,134
1175836,119,23,1754,291.06,289.06,0,0,150
1233444,120,23,1754,318.16,320.16,0,0,162
1051417,121,23,1754,319.16,319.16,0,0,242
1286870,122,23,1754,300.76,298.76,0,0,445
1282756,123,23,1754,271.66,271.66,0,0,135
1194907,124,23,1754,319.16,318.16,0,0,297
1386174,125,23,1754,318.16,320.16,0,0,203
1221670,126,23,1754,292.97,292.97,0,0,243
1365470,127,23,1754,319.16,319.16,0,0,258
1114212,128,23,1754,235.71,319.16,1,1,2823
1319237,129,23,1754,237.65,318.16,1,0,2079
1222073,130,23,1754,319.16,319.16,0,0,607
1300787,131,23,1754,320.16,319.16,0,0,541
1338490,132,23,1754,308.46,308.46,0,0,447
1297019,133,23,1754,319.16,320.16,0,0,366
1184591,134,23,1754,320.16,319.16,0,0,405
1491170,135,23,1754,306.52,306.52,0,0,728
1229084,136,23,1754,311.4,312.4,0,0,555
1359361,137,23,1754,318.16,320.16,0,0,203
1108771,138,23,1754,319.16,319.16,0,0,231
1057214,139,23,1754,318.16,320.16,0,0,500
1127691,140,23,1754,320.16,318.16,0,0,701
1098016,141,23,1754,318.16,319.16,0,0,391
1272609,142,23,1754,320.16,319.16,0,0,512
1234492,143,23,1754,308.46,310.46,0,0,433
1099876,144,23,1754,320.16,319.16,0,0,580
1380503,145,23,1754,318.16,319.16,0,0,392
