files/23.csv
id,week,center_id,meal_id,checkout_price,base_price,emailer_for_promotion,homepage_featured,num_orders
1039206,1,23,1971,260.93,323.04,1,0,472
1489812,2,23,1971,261.93,323.04,1,0,580
1380699,3,23,1971,322.04,323.04,0,0,94
1112804,4,23,1971,270.66,322.04,0,0,82
1024559,5,23,1971,322.04,322.04,0,0,109
1037129,6,23,1971,323.04,324.04,0,0,67
1045215,7,23,1971,324.04,322.04,0,0,135
1131847,8,23,1971,322.04,322.04,0,0,26
1074789,9,23,1971,322.04,322.04,0,0,202
1386529,10,23,1971,244.5,323.04,1,1,1014
1477846,11,23,1971,243.53,322.04,1,1,703
1010148,12,23,1971,222.13,324.04,0,1,621
1310122,13,23,1971,323.04,323.04,0,0,161
1290013,14,23,1971,323.04,324.04,0,0,80
1368343,16,23,1971,323.04,322.04,0,1,162
1107296,17,23,1971,324.04,323.04,0,0,108
1273413,18,23,1971,324.04,323.04,0,0,217
1139325,19,23,1971,323.04,322.04,0,0,95
1392721,20,23,1971,324.04,322.04,0,0,55
1160187,21,23,1971,324.04,324.04,0,0,68
1059331,22,23,1971,240.56,322.04,1,1,1214
1459016,23,23,1971,245.44,323.04,1,0,824
1113456,24,23,1971,322.04,323.04,0,0,96
1279553,25,23,1971,322.04,324.04,0,0,26
1062737,26,23,1971,323.04,323.04,0,0,231
1309447,27,23,1971,322.04,322.04,0,0,108
1276589,28,23,1971,324.04,322.04,0,0,136
1438282,29,23,1971,324.04,322.04,0,0,80
1283921,30,23,1971,180.45,323.04,1,0,2013
1057718,31,23,1971,293.97,293.97,0,0,366
1307028,32,23,1971,245.44,293.97,1,1,1769
1188446,33,23,1971,322.04,322.04,0,0,107
1438316,34,23,1971,324.04,324.04,0,0,122
1190047,35,23,1971,321.1,322.1,0,0,243
1479432,36,23,1971,323.04,322.04,0,0,257
1286359,37,23,1971,322.04,324.04,0,0,136
1321760,38,23,1971,324.04,323.04,0,0,69
1088430,39,23,1971,324.04,323.04,0,0,325
1465305,40,23,1971,245.47,323.04,0,1,1027
1394958,41,23,1971,242.53,323.04,0,0,310
1223391,42,23,1971,242.53,322.04,0,0,296
1114845,43,23,1971,242.53,322.04,0,0,365
1337928,44,23,1971,320.16,318.16,0,0,269
1382197,45,23,1971,322.04,323.04,0,0,188
1287177,46,23,1971,245.47,324.04,1,1,1122
1236314,47,23,1971,242.5,322.04,0,1,796
1379690,48,23,1971,176.6,324.04,1,1,2011
1312211,49,23,1971,309.43,310.43,0,0,230
1234307,50,23,1971,309.43,311.43,0,0,108
1394775,51,23,1971,310.43,311.43,0,0,149
1065028,52,23,1971,291.03,292.03,0,0,487
1048587,53,23,1971,290.03,291.03,0,0,419
1236792,54,23,1971,291.03,291.03,0,0,202
1028162,55,23,1971,290.03,291.03,0,0,203
1106766,56,23,1971,282.3,281.3,0,0,231
1050507,57,23,1971,291.03,291.03,0,0,337
1239655,58,23,1971,291.03,291.03,0,0,244
1207658,59,23,1971,291.03,292.03,0,0,323
1404339,60,23,1971,242.5,291.03,1,1,2402
1474115,61,23,1971,287.18,287.18,0,0,271
1032342,62,23,1971,290.03,292.03,0,0,67
1480547,63,23,1971,290.03,291.03,0,0,204
1088820,64,23,1971,290.03,291.03,0,0,135
1250937,65,23,1971,292.03,291.03,0,0,296
1074316,66,23,1971,291.03,290.03,0,0,257
1349056,67,23,1971,291.03,290.03,0,0,230
1490476,68,23,1971,192.09,291.03,1,1,1890
1328582,69,23,1971,193.09,291.03,0,1,2281
1342111,70,23,1971,193.09,292.03,1,1,2890
1490486,71,23,1971,191.09,291.03,0,1,1754
1185645,72,23,1971,292.03,292.03,0,0,189
1236959,73,23,1971,292.03,292.03,0,0,162
1477838,74,23,1971,291.03,292.03,0,0,474
1085159,75,23,1971,243.5,291.03,1,0,540
1040482,76,23,1971,243.5,290.03,0,1,270
1166512,77,23,1971,286.15,288.15,0,0,148
1404492,78,23,1971,291.03,292.03,0,0,296
1346992,79,23,1971,291.03,291.03,0,0,393
1121511,80,23,1971,292.03,290.03,0,0,310
1070484,81,23,1971,291.03,290.03,0,0,256
1441511,82,23,1971,291.03,290.03,0,0,257
1112531,83,23,1971,290.03,291.03,0,0,352
1392749,84,23,1971,292.03,290.03,0,0,244
1483762,85,23,1971,290.03,291.03,0,0,41
1472264,86,23,1971,291.03,291.03,0,0,149
1106937,87,23,1971,299.73,300.73,0,0,150
1088578,88,23,1971,300.73,299.73,0,0,163
1470930,89,23,1971,300.73,301.73,0,0,68
1262749,90,23,1971,299.73,301.73,0,0,108
1297911,91,23,1971,300.73,300.73,0,0,108
1044907,92,23,1971,194.06,299.73,1,1,1554
1471394,93,23,1971,195.03,299.73,1,1,1457
1350844,94,23,1971,295.91,293.91,0,0,217
1468512,95,23,1971,292.03,290.03,0,0,283
1323701,96,23,1971,299.73,301.73,0,0,284
1256924,97,23,1971,301.73,299.73,0,0,217
1043137,98,23,1971,322.04,324.04,0,0,188
1449420,99,23,1971,322.04,323.04,0,0,94
1322392,100,23,1971,323.04,322.04,0,0,176
1459299,101,23,1971,323.04,322.04,0,0,188
1156696,102,23,1971,324.04,324.04,0,0,177
1217885,103,23,1971,323.04,322.04,0,0,96
1124980,104,23,1971,324.04,324.04,0,0,215
1396022,105,23,1971,323.04,324.04,0,0,339
1090376,106,23,1971,323.04,323.04,0,0,188
1445503,107,23,1971,314.34,312.34,0,0,216
1172083,108,23,1971,241.56,313.34,1,1,1540
1359844,109,23,1971,245.47,314.34,1,1,1135
1438592,110,23,1971,311.37,311.37,0,0,311
1499938,111,23,1971,322.04,323.04,0,0,163
1458739,112,23,1971,324.04,323.04,0,0,231
1351199,113,23,1971,323.04,323.04,0,0,351
1152134,114,23,1971,324.04,323.04,0,0,215
1046063,115,23,1971,324.04,324.04,0,0,123
1274588,116,23,1971,323.04,324.04,0,0,176
1264786,117,23,1971,323.04,323.04,0,0,122
1388491,118,23,1971,323.04,324.04,0,0,81
1266906,119,23,1971,322.04,323.04,0,0,121
1364457,120,23,1971,324.04,322.04,0,0,26
1083577,121,23,1971,192.06,322.04,1,1,2188
1398423,122,23,1971,192.06,324.04,1,1,2551
1312994,123,23,1971,193.03,322.04,1,1,1754
1493111,124,23,1971,193.06,324.04,1,1,1418
1192520,125,23,1971,291.03,322.04,0,0,107
1234104,126,23,1971,324.04,322.04,0,0,258
1246319,127,23,1971,323.04,322.04,0,0,150
1364730,128,23,1971,263.9,324.04,0,0,393
1255499,129,23,1971,283.24,322.04,0,0,68
1266838,130,23,1971,324.04,324.04,0,0,189
1176139,131,23,1971,326.89,326.89,0,0,203
1252019,132,23,1971,192.09,326.89,1,1,3794
1081401,133,23,1971,218.25,327.89,1,1,2051
1047367,134,23,1971,329.86,327.86,0,0,176
1031648,135,23,1971,327.86,328.86,0,0,352
1063334,136,23,1971,329.86,328.86,0,0,94
1284865,137,23,1971,328.86,329.86,0,0,41
1374877,138,23,1971,329.86,328.86,0,0,80
1056009,139,23,1971,327.86,329.86,0,0,203
1478930,140,23,1971,328.86,327.86,0,0,177
1223949,141,23,1971,327.86,327.86,0,0,135
1493270,142,23,1971,329.86,327.86,0,0,122
1377762,143,23,1971,346.35,345.35,0,0,229
1139485,144,23,1971,345.35,345.35,0,0,176
1094642,145,23,1971,346.35,344.35,0,0,175
1339941,1,23,1902,388.03,445.23,0,0,15
1055092,3,23,1902,388.03,445.23,0,0,41
1232982,4,23,1902,388.03,447.23,0,0,15
1424805,6,23,1902,445.23,447.23,0,0,28
1349808,7,23,1902,446.23,445.23,0,0,14
1197596,8,23,1902,447.23,446.23,0,0,14
1363613,9,23,1902,447.23,446.23,0,0,15
1279560,10,23,1902,446.23,445.23,0,0,27
1343391,12,23,1902,445.23,447.23,0,0,27
1202124,13,23,1902,447.23,447.23,0,0,27
1176954,15,23,1902,416.13,418.13,0,0,14
1321809,16,23,1902,416.13,416.13,0,0,42
1268754,19,23,1902,446.23,446.23,0,0,26
1027207,22,23,1902,447.23,447.23,0,0,14
1161367,25,23,1902,447.23,446.23,0,0,14
1058583,26,23,1902,445.23,446.23,0,0,14
1134649,27,23,1902,446.23,446.23,0,0,15
1241914,32,23,1902,447.23,447.23,0,0,15
1253776,33,23,1902,447.23,447.23,0,0,14
1493633,34,23,1902,445.23,445.23,0,0,13
1241763,38,23,1902,446.23,446.23,0,0,15
1299252,39,23,1902,445.23,446.23,0,0,42
1177713,41,23,1902,447.23,445.23,0,0,13
1495328,43,23,1902,446.23,445.23,0,0,27
1174983,44,23,1902,446.23,445.23,0,0,15
1083400,45,23,1902,357.93,445.23,0,0,15
1356150,48,23,1902,357.93,445.23,0,0,27
1462047,49,23,1902,447.23,447.23,0,0,15
1145155,54,23,1902,417.13,418.13,0,0,27
1435940,55,23,1902,418.13,416.13,0,0,26
1450625,60,23,1902,446.23,446.23,0,0,13
1253357,61,23,1902,445.23,446.23,0,0,15
1128420,62,23,1902,447.23,447.23,0,0,27
1096537,64,23,1902,445.23,447.23,0,0,13
1067398,66,23,1902,447.23,445.23,0,0,28
1398936,67,23,1902,447.23,446.23,0,0,26
1278230,69,23,1902,416.13,416.13,0,0,15
1313273,71,23,1902,417.13,417.13,0,0,13
1072231,74,23,1902,447.23,446.23,0,0,14
1245749,79,23,1902,445.23,445.23,0,0,14
1093513,80,23,1902,446.23,445.23,0,0,54
1413760,81,23,1902,446.23,445.23,0,0,28
1177118,82,23,1902,447.23,445.23,0,0,14
1360711,85,23,1902,435.53,435.53,0,0,13
1385746,88,23,1902,446.23,447.23,0,0,42
1486618,89,23,1902,446.23,447.23,0,0,13
1140441,90,23,1902,445.23,445.23,0,0,14
1490843,91,23,1902,447.23,446.23,0,0,15
1111027,93,23,1902,446.23,445.23,0,0,27
1203178,94,23,1902,446.23,445.23,0,0,14
1460263,95,23,1902,446.23,447.23,0,0,40
1031440,100,23,1902,445.23,447.23,0,0,13
1071337,102,23,1902,447.23,446.23,0,0,14
1255663,103,23,1902,445.23,445.23,0,0,13
1235745,104,23,1902,445.23,447.23,0,0,42
1489927,106,23,1902,389.03,446.23,0,0,26
1055051,107,23,1902,388.03,446.23,0,0,15
1173659,110,23,1902,446.23,445.23,0,0,15
1275504,111,23,1902,445.23,446.23,0,0,15
1239194,114,23,1902,446.23,446.23,0,0,14
1297508,117,23,1902,446.23,447.23,0,0,27
1082227,120,23,1902,389.03,445.23,0,0,13
1319777,121,23,1902,389.03,445.23,0,0,13
1213788,124,23,1902,445.23,445.23,0,0,14
1274744,125,23,1902,446.23,446.23,0,0,40
1160778,126,23,1902,446.23,447.23,0,0,13
1139145,130,23,1902,446.23,445.23,0,0,15
1049759,131,23,1902,447.23,447.23,0,0,13
1281206,132,23,1902,447.23,445.23,0,0,15
1108352,134,23,1902,447.23,447.23,0,0,26
1195038,136,23,1902,446.23,445.23,0,0,15
1071635,137,23,1902,388.03,445.23,0,0,27
1190140,138,23,1902,388.03,447.23,0,0,13
1104634,140,23,1902,387.03,445.23,0,0,15
1378182,143,23,1902,445.23,446.23,0,0,13
1280830,145,23,1902,447.23,445.23,0,0,26
1295875,1,23,1247,388.03,446.23,0,0,15
1353868,2,23,1247,388.03,445.23,0,0,14
1137220,4,23,1247,388.03,446.23,0,0,14
1257747,7,23,1247,447.23,447.23,0,0,27
1495501,9,23,1247,445.23,445.23,0,0,28
1331279,10,23,1247,445.23,445.23,0,0,14
1353256,11,23,1247,445.23,447.23,0,0,41
1467817,12,23,1247,447.23,446.23,0,0,41
1272325,13,23,1247,445.23,445.23,0,0,14
1060836,14,23,1247,445.23,446.23,0,0,14
1143214,15,23,1247,417.13,416.13,0,0,13
1135102,16,23,1247,417.13,417.13,0,0,28
1019195,20,23,1247,446.23,447.23,0,0,13
1491694,21,23,1247,447.23,447.23,0,0,13
1269079,24,23,1247,447.23,446.23,0,0,27
1405084,27,23,1247,446.23,445.23,0,0,13
1083643,29,23,1247,447.23,445.23,0,0,15
1309294,31,23,1247,447.23,447.23,0,0,41
1017114,33,23,1247,446.23,446.23,0,0,13
1256160,34,23,1247,445.23,447.23,0,0,14
1229237,36,23,1247,447.23,445.23,0,0,42
1156224,38,23,1247,447.23,447.23,0,0,15
1419765,39,23,1247,446.23,447.23,0,0,13
1445219,40,23,1247,446.23,446.23,0,0,14
1231006,42,23,1247,447.23,446.23,0,0,13
1480761,43,23,1247,447.23,447.23,0,0,14
1257086,44,23,1247,445.23,445.23,0,0,26
1353246,45,23,1247,358.93,447.23,0,0,28
1446018,46,23,1247,358.93,447.23,0,0,15
1153677,47,23,1247,357.93,445.23,0,0,14
1109765,48,23,1247,358.93,446.23,0,0,15
1243306,51,23,1247,447.23,446.23,0,0,15
1015603,52,23,1247,446.23,446.23,0,0,13
1338096,53,23,1247,416.13,416.13,0,0,15
1166790,56,23,1247,417.13,417.13,0,0,13
1168721,59,23,1247,447.23,446.23,0,0,40
1024468,61,23,1247,445.23,446.23,0,0,14
1462683,63,23,1247,445.23,445.23,0,0,13
1356537,67,23,1247,445.23,447.23,0,0,13
1235906,69,23,1247,418.13,417.13,0,0,26
1436484,72,23,1247,445.23,445.23,0,0,15
1192094,74,23,1247,445.23,447.23,0,0,15
1266717,79,23,1247,446.23,445.23,0,0,15
1135089,82,23,1247,446.23,445.23,0,0,14
1337724,84,23,1247,435.53,435.53,0,0,28
1162544,85,23,1247,437.53,436.53,0,0,13
1182867,86,23,1247,436.53,436.53,0,0,14
1342817,88,23,1247,447.23,445.23,0,0,42
1285274,92,23,1247,447.23,447.23,0,0,14
1301710,95,23,1247,447.23,446.23,0,0,13
1052744,97,23,1247,446.23,447.23,0,0,14
1439910,99,23,1247,446.23,447.23,0,0,13
1433383,104,23,1247,446.23,446.23,0,0,13
1333263,105,23,1247,388.03,445.23,0,0,15
1433982,106,23,1247,388.03,447.23,0,0,13
1231771,109,23,1247,445.23,446.23,0,0,14
1011751,110,23,1247,447.23,446.23,0,0,53
1119061,113,23,1247,446.23,447.23,0,0,13
1058832,115,23,1247,447.23,447.23,0,0,15
1341767,118,23,1247,445.23,447.23,0,0,15
1420112,120,23,1247,389.03,445.23,0,0,15
1075495,122,23,1247,389.03,446.23,0,0,26
1144739,123,23,1247,388.03,446.23,0,0,13
1258844,124,23,1247,446.23,446.23,0,0,13
1161968,125,23,1247,445.23,445.23,0,0,14
1105934,130,23,1247,447.23,447.23,0,0,13
1084792,132,23,1247,446.23,447.23,0,0,27
1227367,134,23,1247,446.23,446.23,0,0,15
1440719,136,23,1247,445.23,445.23,0,0,13
1482850,138,23,1247,388.03,446.23,0,0,15
1375740,139,23,1247,388.03,446.23,0,0,27
1464964,141,23,1247,445.23,446.23,0,0,14
1251438,143,23,1247,445.23,445.23,0,0,13
1400175,145,23,1247,446.23,446.23,0,0,42
1083239,1,23,1770,338.53,486.03,0,0,41
1302067,3,23,1770,340.53,485.03,0,0,27
1000882,4,23,1770,339.53,484.03,0,0,13
1083507,6,23,1770,486.03,484.03,0,0,13
1342775,7,23,1770,486.03,485.03,0,0,15
1436283,10,23,1770,486.03,484.03,0,0,13
1042452,12,23,1770,484.03,485.03,0,0,28
1441029,14,23,1770,484.03,485.03,0,0,15
1081157,21,23,1770,484.03,486.03,0,0,28
1062600,28,23,1770,485.03,484.03,0,0,14
1313825,29,23,1770,388.03,486.03,0,0,15
1104130,31,23,1770,388.03,485.03,0,0,27
1256814,32,23,1770,387.03,486.03,0,0,27
1080235,37,23,1770,485.03,485.03,0,0,28
1257799,38,23,1770,484.03,485.03,0,0,15
1355198,40,23,1770,486.03,486.03,0,0,14
1216933,47,23,1770,436.53,485.03,0,0,28
1244739,49,23,1770,484.03,485.03,0,0,15
1002124,51,23,1770,484.03,486.03,0,0,28
1320193,52,23,1770,486.03,486.03,0,0,13
1149266,53,23,1770,437.53,485.03,0,0,13
1255871,54,23,1770,436.53,484.03,0,0,13
1311013,55,23,1770,437.53,486.03,0,0,14
1254023,56,23,1770,436.53,485.03,0,0,13
1200977,57,23,1770,484.03,485.03,0,0,42
1302753,60,23,1770,484.03,485.03,0,0,15
1478594,67,23,1770,486.03,484.03,0,0,15
1185198,72,23,1770,484.03,484.03,0,0,28
1398751,77,23,1770,484.03,485.03,0,0,15
1049407,79,23,1770,486.03,484.03,0,0,13
1495396,80,23,1770,486.03,485.03,0,0,13
1004157,82,23,1770,485.03,484.03,0,0,15
1240281,85,23,1770,486.03,485.03,0,0,13
1030638,88,23,1770,485.03,485.03,0,0,13
1347711,90,23,1770,456.93,454.93,0,0,15
1307746,91,23,1770,454.93,454.93,0,0,13
1239062,93,23,1770,486.03,486.03,0,0,15
1092659,95,23,1770,486.03,484.03,0,0,28
1413559,96,23,1770,486.03,486.03,0,0,26
1366448,97,23,1770,484.03,484.03,0,0,28
1254370,99,23,1770,484.03,486.03,0,0,13
1367655,100,23,1770,486.03,486.03,0,0,27
1357795,101,23,1770,486.03,484.03,0,0,14
1001981,103,23,1770,486.03,485.03,0,0,13
1469642,105,23,1770,413.28,485.03,0,0,40
1248357,106,23,1770,412.28,486.03,0,0,28
1078056,107,23,1770,413.28,485.03,0,0,26
1040448,108,23,1770,411.28,484.03,0,0,14
1461086,109,23,1770,484.03,486.03,0,0,27
1173611,110,23,1770,484.03,484.03,0,0,13
1283660,112,23,1770,486.03,486.03,0,0,13
1411971,113,23,1770,484.03,486.03,0,0,15
1275173,114,23,1770,485.03,484.03,0,0,26
1496737,115,23,1770,484.03,486.03,0,0,14
1495112,116,23,1770,486.03,484.03,0,0,27
1047184,121,23,1770,412.28,484.03,0,0,28
1286734,122,23,1770,411.28,486.03,0,0,14
1021314,125,23,1770,486.03,486.03,0,0,27
1056962,129,23,1770,484.03,486.03,0,0,14
1409085,130,23,1770,445.23,447.23,0,0,27
1230417,132,23,1770,446.23,446.23,0,0,14
1262525,133,23,1770,446.23,447.23,0,0,28
1047699,138,23,1770,484.03,484.03,0,0,28
1175916,142,23,1770,485.03,485.03,0,0,15
1419980,144,23,1770,485.03,485.03,0,0,14
