files/23.csv
id,week,center_id,meal_id,checkout_price,base_price,emailer_for_promotion,homepage_featured,num_orders
1255974,1,23,1438,244.5,271.63,0,0,96
1486075,2,23,1438,242.5,272.63,0,0,148
1155084,3,23,1438,243.5,271.63,0,0,40
1013302,4,23,1438,242.5,272.63,0,0,122
1265973,5,23,1438,244.5,272.63,0,0,82
1291299,6,23,1438,243.5,270.63,0,0,82
1468387,7,23,1438,242.5,244.5,0,0,204
1314230,8,23,1438,243.5,242.5,0,0,94
1088923,9,23,1438,272.63,270.63,0,0,53
1061090,10,23,1438,270.63,272.63,0,0,40
1071913,11,23,1438,270.63,270.63,0,0,55
1130288,12,23,1438,272.63,271.63,0,0,108
1347691,13,23,1438,248.32,248.32,0,0,69
1077862,14,23,1438,247.35,249.35,0,0,80
1098910,15,23,1438,244.5,244.5,0,0,67
1415930,16,23,1438,244.5,243.5,0,0,121
1262442,17,23,1438,242.5,244.5,0,0,14
1048035,18,23,1438,242.5,242.5,0,0,121
1198079,19,23,1438,247.35,248.35,0,0,81
1082132,20,23,1438,244.5,243.5,0,0,69
1439674,21,23,1438,250.29,250.29,0,0,53
1286759,22,23,1438,244.5,242.5,0,0,42
1075167,23,23,1438,243.5,242.5,0,0,55
1157796,24,23,1438,243.5,244.5,0,0,28
1486699,25,23,1438,242.5,243.5,0,0,81
1119387,26,23,1438,248.35,247.35,0,0,150
1360266,27,23,1438,242.5,244.5,0,0,94
1089843,28,23,1438,243.5,244.5,0,0,108
1403317,29,23,1438,195,244.5,0,0,40
1277446,30,23,1438,194,244.5,0,0,122
1321667,31,23,1438,194,242.5,0,0,81
1057157,32,23,1438,196,244.5,0,0,53
1433306,33,23,1438,257.08,257.08,0,0,42
1298540,34,23,1438,265.84,265.84,0,0,28
1254916,35,23,1438,257.08,257.08,0,0,162
1022704,36,23,1438,258.08,257.08,0,0,69
1281866,37,23,1438,194,257.08,0,0,82
1315368,38,23,1438,193.09,257.08,0,0,95
1285029,39,23,1438,195,257.08,0,0,82
1295354,40,23,1438,196,258.08,0,0,68
1073865,41,23,1438,223.1,257.08,0,0,121
1370584,42,23,1438,218.28,257.08,0,0,40
1054296,43,23,1438,219.28,218.28,0,0,40
1019933,44,23,1438,217.28,217.28,0,0,94
1412294,45,23,1438,234.8,234.8,0,0,80
1340767,46,23,1438,234.8,234.8,0,0,107
1368933,47,23,1438,233.8,234.8,0,0,55
1446766,48,23,1438,234.8,234.8,0,0,107
1487537,49,23,1438,240.56,241.56,0,0,53
1170095,50,23,1438,240.56,242.56,0,0,69
1473712,51,23,1438,245.41,247.41,0,0,81
1435160,52,23,1438,240.56,240.56,0,0,122
1152301,53,23,1438,242.56,240.56,0,0,150
1017070,54,23,1438,242.56,242.56,0,0,55
1034368,55,23,1438,242.56,241.56,0,0,68
1496441,56,23,1438,242.56,241.56,0,0,108
1170838,57,23,1438,242.53,241.53,0,0,69
1154092,58,23,1438,242.53,241.53,0,0,69
1484620,59,23,1438,243.53,243.53,0,0,41
1331111,60,23,1438,242.53,241.53,0,0,14
1358667,61,23,1438,242.53,243.53,0,0,27
1430363,62,23,1438,243.53,241.53,0,0,67
1300671,63,23,1438,241.53,243.53,0,0,67
1010293,64,23,1438,241.53,241.53,0,0,108
1252645,65,23,1438,251.23,253.23,0,0,81
1475248,66,23,1438,242.53,242.53,0,0,81
1464161,67,23,1438,241.53,242.53,0,0,122
1132436,68,23,1438,241.53,243.53,0,0,80
1267724,69,23,1438,231.83,231.83,0,0,69
1057331,70,23,1438,235.71,237.71,0,0,134
1361510,71,23,1438,214.43,214.43,0,0,28
1032579,72,23,1438,232.83,233.83,0,0,54
1135468,73,23,1438,233.83,233.83,0,0,15
1387087,74,23,1438,231.83,231.83,0,0,14
1262250,75,23,1438,233.83,231.83,0,0,69
1262495,76,23,1438,233.83,232.83,0,0,42
1057958,77,23,1438,233.83,231.83,0,0,27
1042285,78,23,1438,232.83,233.83,0,0,67
1454938,79,23,1438,231.83,231.83,0,0,53
1101373,80,23,1438,232.83,233.83,0,0,55
1127743,81,23,1438,213.43,213.43,0,0,54
1196981,82,23,1438,212.43,214.43,0,0,68
1207723,83,23,1438,214.43,213.43,0,0,55
1033008,84,23,1438,212.43,214.43,0,0,40
1394835,85,23,1438,212.43,214.43,0,0,55
1433246,86,23,1438,214.43,212.43,0,0,69
1112717,87,23,1438,212.43,212.43,0,0,94
1057849,88,23,1438,213.43,213.43,0,0,109
1223899,89,23,1438,213.43,214.43,0,0,54
1254390,90,23,1438,213.43,213.43,0,0,95
1141549,91,23,1438,214.43,213.43,0,0,54
1102355,92,23,1438,212.43,213.43,0,0,27
1013802,93,23,1438,195,195,0,0,109
1237532,94,23,1438,194,195,0,0,55
1269793,95,23,1438,196,196,0,0,41
1404952,96,23,1438,195,196,0,0,96
1491723,97,23,1438,195,195,0,0,53
1201177,98,23,1438,195,195,0,0,82
1035925,99,23,1438,196,194,0,1,188
1465325,100,23,1438,194,196,0,1,175
1077296,101,23,1438,195,195,0,1,297
1430403,102,23,1438,195,196,0,1,242
1115931,103,23,1438,194,195,0,1,242
1437430,104,23,1438,194,195,0,1,177
1243519,105,23,1438,243.5,244.5,0,0,80
1396350,106,23,1438,243.5,243.5,0,0,107
1468603,107,23,1438,244.5,243.5,0,0,69
1368819,108,23,1438,249.32,249.32,0,0,68
1352805,109,23,1438,242.5,243.5,0,0,123
1192678,110,23,1438,247.38,246.38,0,0,95
1428863,111,23,1438,243.5,242.5,0,0,41
1091226,112,23,1438,244.5,243.5,0,0,14
1495895,113,23,1438,244.5,243.5,0,0,42
1383220,114,23,1438,242.5,242.5,0,0,95
1379150,115,23,1438,243.5,243.5,0,0,68
1158051,116,23,1438,244.5,243.5,0,0,123
1128604,117,23,1438,195,244.5,0,0,109
1098427,118,23,1438,196,242.5,0,0,202
1414728,119,23,1438,196,242.5,0,0,256
1268752,120,23,1438,195,242.5,0,1,283
1077682,121,23,1438,195,242.5,0,0,269
1424504,122,23,1438,195,244.5,0,1,406
1256929,123,23,1438,194,244.5,0,1,554
1364356,124,23,1438,196,242.5,0,1,446
1319672,125,23,1438,196,244.5,0,1,487
1316699,126,23,1438,196,242.5,0,1,366
1012643,127,23,1438,195,243.5,0,1,378
1391528,128,23,1438,194,243.5,0,1,594
1469209,129,23,1438,195,242.5,0,1,512
1477442,130,23,1438,194,243.5,0,1,460
1080365,131,23,1438,196,242.5,0,1,446
1236098,132,23,1438,196,242.5,0,1,379
1490361,133,23,1438,194,242.5,0,1,283
1053625,134,23,1438,195,243.5,0,1,351
1111459,135,23,1438,195,242.5,0,1,447
1105858,136,23,1438,196,243.5,0,1,420
1321559,137,23,1438,195,244.5,0,1,432
1218905,138,23,1438,195,243.5,0,1,350
1074660,139,23,1438,194,244.5,0,1,419
1223741,140,23,1438,196,243.5,0,1,256
1230787,141,23,1438,195,243.5,0,1,177
1266358,142,23,1438,196,244.5,0,1,257
1453627,143,23,1438,194,242.5,0,1,298
1293444,144,23,1438,196,244.5,0,1,296
1304253,145,23,1438,195,244.5,0,1,190
1351350,1,23,2494,244.5,270.63,0,0,14
1469448,2,23,2494,243.5,271.63,0,0,136
1069812,3,23,2494,242.5,270.63,0,0,69
1338448,4,23,2494,244.5,272.63,0,0,26
1289242,5,23,2494,243.5,270.63,0,0,28
1092278,6,23,2494,244.5,270.63,0,0,69
1435301,7,23,2494,244.5,243.5,0,0,67
1066852,8,23,2494,243.5,243.5,0,0,55
1401202,9,23,2494,271.63,271.63,0,0,53
1085642,10,23,2494,271.63,272.63,0,0,42
1447903,11,23,2494,270.63,271.63,0,0,26
1321637,12,23,2494,271.63,272.63,0,0,95
1402579,13,23,2494,244.5,271.63,0,0,54
1321868,14,23,2494,243.5,270.63,0,0,41
1120917,15,23,2494,242.5,272.63,0,0,54
1251232,16,23,2494,243.5,270.63,0,0,40
1038051,17,23,2494,243.5,270.63,0,0,27
1465286,18,23,2494,244.5,270.63,0,0,28
1047995,19,23,2494,243.5,243.5,0,0,54
1141990,20,23,2494,242.5,242.5,0,0,28
1280695,21,23,2494,243.5,244.5,0,0,28
1083571,23,23,2494,243.5,244.5,0,0,42
1084593,25,23,2494,243.5,242.5,0,0,53
1330974,26,23,2494,242.5,243.5,0,0,42
1083082,27,23,2494,243.5,242.5,0,0,54
1068159,28,23,2494,242.5,242.5,0,0,42
1332981,29,23,2494,196,243.5,0,0,109
1379096,30,23,2494,196,243.5,0,0,54
1294457,31,23,2494,196,242.5,0,0,55
1188267,32,23,2494,195,242.5,0,0,69
1393460,33,23,2494,258.99,258.99,0,0,67
1267192,34,23,2494,261.96,261.96,0,0,53
1099118,35,23,2494,258.08,257.08,0,0,67
1190684,36,23,2494,256.08,256.08,0,0,96
1176232,37,23,2494,194,256.08,0,0,81
1261368,38,23,2494,194,256.08,0,0,42
1139108,39,23,2494,194,257.08,0,0,41
1249076,40,23,2494,196,258.08,0,0,55
1037272,41,23,2494,217.28,257.08,0,1,55
1175152,42,23,2494,217.28,258.08,0,1,54
1152549,43,23,2494,218.28,256.08,0,0,41
1242116,44,23,2494,219.28,256.08,0,0,41
1010924,45,23,2494,232.8,234.8,0,0,40
1438825,46,23,2494,234.8,234.8,0,0,40
1098686,47,23,2494,234.8,232.8,0,0,81
1148158,48,23,2494,233.8,233.8,0,0,26
1146711,49,23,2494,242.56,240.56,0,0,27
1140063,50,23,2494,241.56,240.56,0,0,67
1141471,51,23,2494,240.56,241.56,0,0,14
1443358,52,23,2494,241.56,241.56,0,0,28
1364397,53,23,2494,241.56,240.56,0,0,28
1314688,54,23,2494,240.56,242.56,0,0,15
1164259,55,23,2494,242.56,241.56,0,0,13
1123951,57,23,2494,241.53,242.53,0,0,41
1300172,58,23,2494,242.53,243.53,0,0,41
1163102,59,23,2494,241.53,243.53,0,0,27
1352507,60,23,2494,243.53,242.53,0,0,13
1440593,62,23,2494,242.53,241.53,0,0,15
1206809,63,23,2494,242.53,243.53,0,0,54
1465297,65,23,2494,242.53,242.53,0,0,40
1167142,66,23,2494,243.53,243.53,0,0,15
1436923,68,23,2494,241.53,241.53,0,0,41
1390279,69,23,2494,233.83,232.83,0,0,41
1321551,70,23,2494,233.83,233.83,0,0,42
1172114,72,23,2494,232.83,231.83,0,0,26
1119116,74,23,2494,233.83,233.83,0,0,42
1484155,75,23,2494,233.83,231.83,0,0,55
1377885,76,23,2494,231.83,233.83,0,0,14
1479556,77,23,2494,231.83,231.83,0,0,40
1277672,78,23,2494,231.83,232.83,0,0,15
1037389,79,23,2494,231.83,231.83,0,0,13
1022850,80,23,2494,233.83,233.83,0,0,42
1072703,81,23,2494,214.43,214.43,0,0,13
1361453,82,23,2494,212.43,212.43,0,0,55
1318325,83,23,2494,212.43,214.43,0,0,82
1330275,84,23,2494,214.43,212.43,0,0,53
1135901,85,23,2494,214.43,214.43,0,0,68
1001593,86,23,2494,214.43,212.43,0,0,26
1435143,87,23,2494,213.43,212.43,0,0,42
1231293,88,23,2494,214.43,214.43,0,0,69
1167699,89,23,2494,213.43,214.43,0,0,94
1325549,90,23,2494,213.43,213.43,0,0,42
1080197,91,23,2494,212.43,213.43,0,0,68
1474841,92,23,2494,212.43,214.43,0,0,53
1032664,93,23,2494,194,195,0,0,15
1268380,94,23,2494,195,196,0,0,54
1069228,95,23,2494,196,194,0,0,26
1032436,96,23,2494,195,196,0,0,41
1309229,97,23,2494,196,196,0,0,27
1359334,98,23,2494,194,194,0,0,40
1372715,99,23,2494,194,194,0,1,96
1423368,100,23,2494,196,194,0,1,80
1203256,101,23,2494,195,195,0,1,68
1018678,102,23,2494,194,196,0,1,95
1474381,103,23,2494,196,194,0,1,13
1185896,104,23,2494,195,194,0,1,40
1056784,105,23,2494,242.5,244.5,0,0,14
1262884,106,23,2494,242.5,242.5,0,0,41
1436688,107,23,2494,244.5,243.5,0,0,42
1204742,109,23,2494,244.5,243.5,0,0,67
1049580,110,23,2494,244.5,242.5,0,0,53
1377490,112,23,2494,243.5,242.5,0,0,15
1378970,113,23,2494,242.5,244.5,0,0,40
1216881,114,23,2494,243.5,243.5,0,0,40
1457921,115,23,2494,243.5,243.5,0,0,68
1130085,116,23,2494,244.5,243.5,0,0,96
1082014,117,23,2494,196,243.5,0,0,27
1232502,118,23,2494,196,242.5,0,0,108
1339634,119,23,2494,196,243.5,0,1,175
1158664,120,23,2494,194,242.5,0,1,188
1040609,121,23,2494,194,244.5,0,1,215
1256525,122,23,2494,195,244.5,0,1,284
1102118,123,23,2494,194,242.5,0,1,258
1440173,124,23,2494,195,243.5,0,1,339
1484759,125,23,2494,194,242.5,0,1,350
1032840,126,23,2494,196,242.5,0,1,204
1224144,127,23,2494,194,243.5,0,1,229
1162497,128,23,2494,195,244.5,0,1,215
1441246,129,23,2494,196,242.5,0,1,175
1102175,130,23,2494,195,242.5,0,1,204
1226741,131,23,2494,196,242.5,0,1,204
1354230,132,23,2494,196,244.5,0,1,271
1263592,133,23,2494,194,244.5,0,1,285
1129100,134,23,2494,196,244.5,0,1,257
1341305,135,23,2494,194,243.5,0,1,269
1384282,136,23,2494,196,242.5,0,1,297
1091801,137,23,2494,196,242.5,0,1,188
1027232,138,23,2494,194,243.5,0,1,135
1493996,139,23,2494,195,243.5,0,1,229
1365449,140,23,2494,195,242.5,0,1,69
1051227,141,23,2494,195,242.5,0,1,68
1329086,142,23,2494,196,244.5,0,1,134
1280183,143,23,2494,196,244.5,0,1,229
1405204,144,23,2494,195,243.5,0,1,123
1302982,145,23,2494,196,242.5,0,1,229
1393387,1,23,1847,243.5,244.5,0,0,82
1263424,2,23,1847,242.5,242.5,0,0,28
1420873,3,23,1847,243.5,244.5,0,0,67
1322444,4,23,1847,244.5,244.5,0,0,107
1039819,5,23,1847,242.5,242.5,0,0,42
1461764,6,23,1847,244.5,242.5,0,0,54
1324746,7,23,1847,244.5,243.5,0,0,40
1266880,8,23,1847,242.5,244.5,0,0,26
1074761,9,23,1847,270.63,270.63,0,0,15
1217611,10,23,1847,271.63,270.63,0,0,28
1167045,12,23,1847,271.63,271.63,0,0,28
1291797,13,23,1847,243.5,271.63,0,0,54
1166191,14,23,1847,243.5,270.63,0,0,26
1057293,15,23,1847,243.5,271.63,0,0,53
1369524,16,23,1847,243.5,271.63,0,0,40
1126932,17,23,1847,243.5,270.63,0,0,26
1110935,18,23,1847,242.5,271.63,0,0,28
1329451,19,23,1847,244.5,242.5,0,0,80
1390065,20,23,1847,242.5,243.5,0,0,13
1010722,21,23,1847,242.5,244.5,0,0,13
1264848,22,23,1847,243.5,242.5,0,0,28
1133393,23,23,1847,244.5,243.5,0,0,42
1400442,25,23,1847,243.5,244.5,0,0,28
1160097,26,23,1847,244.5,243.5,0,0,26
1203513,27,23,1847,244.5,244.5,0,0,81
1243791,28,23,1847,243.5,242.5,0,0,40
1463794,29,23,1847,196,242.5,0,0,15
1095032,30,23,1847,194,243.5,0,0,13
1149984,31,23,1847,195,243.5,0,0,68
1137475,32,23,1847,195,244.5,0,0,68
1355809,33,23,1847,257.08,256.08,0,0,28
1153492,34,23,1847,258.08,257.08,0,0,68
1465541,35,23,1847,260.99,260.99,0,0,82
1227292,36,23,1847,258.08,258.08,0,0,96
1205502,37,23,1847,194,258.08,0,0,41
1203630,38,23,1847,194,258.08,0,0,55
1165997,39,23,1847,194,258.08,0,0,81
1011981,40,23,1847,195,258.08,0,0,94
1236970,41,23,1847,229.95,258.08,0,1,69
1354131,42,23,1847,218.28,256.08,0,1,40
1225338,43,23,1847,217.28,256.08,0,0,28
1170367,44,23,1847,218.28,257.08,0,0,41
1388980,45,23,1847,233.8,233.8,0,0,42
1069519,48,23,1847,234.8,234.8,0,0,53
1414562,49,23,1847,242.56,242.56,0,0,55
1161017,50,23,1847,241.56,241.56,0,0,42
1138817,51,23,1847,243.47,244.47,0,0,148
1384136,52,23,1847,246.38,246.38,0,0,69
1254049,53,23,1847,242.56,242.56,0,0,28
1236645,54,23,1847,240.56,242.56,0,0,41
1470610,55,23,1847,241.56,241.56,0,0,26
1278239,56,23,1847,241.56,240.56,0,0,28
1206055,57,23,1847,241.53,243.53,0,0,68
1465035,58,23,1847,242.53,243.53,0,0,54
1308010,59,23,1847,242.53,241.53,0,0,41
1198645,62,23,1847,241.53,243.53,0,0,55
1496942,63,23,1847,243.53,242.53,0,0,82
1163464,64,23,1847,242.53,241.53,0,0,13
1174960,65,23,1847,243.53,242.53,0,0,42
1020112,66,23,1847,243.53,243.53,0,0,53
1142700,67,23,1847,241.53,241.53,0,0,54
1421543,68,23,1847,242.53,242.53,0,0,13
1092215,71,23,1847,232.83,233.83,0,0,26
1426373,72,23,1847,231.83,231.83,0,0,41
1440221,73,23,1847,231.83,232.83,0,0,42
1351458,74,23,1847,231.83,231.83,0,0,15
1459726,76,23,1847,232.83,232.83,0,0,13
1168386,77,23,1847,231.83,231.83,0,0,40
1448788,78,23,1847,232.83,231.83,0,0,67
1224681,79,23,1847,238.65,237.65,0,0,96
1073918,80,23,1847,231.83,233.83,0,0,54
1155903,81,23,1847,212.43,214.43,0,0,14
1039020,82,23,1847,214.43,212.43,0,0,41
1054054,83,23,1847,214.43,214.43,0,0,41
1398087,84,23,1847,214.43,212.43,0,0,41
1448303,85,23,1847,214.43,214.43,0,0,41
1486361,86,23,1847,214.43,213.43,0,0,14
1017554,87,23,1847,213.43,213.43,0,0,42
1079271,88,23,1847,212.43,213.43,0,0,27
1433364,89,23,1847,214.43,214.43,0,0,40
1144220,90,23,1847,213.43,212.43,0,0,55
1199167,91,23,1847,212.43,214.43,0,0,53
1463320,92,23,1847,212.43,212.43,0,0,26
1368960,93,23,1847,194,194,0,0,81
1259892,94,23,1847,194,194,0,0,107
1414941,95,23,1847,196,194,0,0,53
1070186,96,23,1847,194,196,0,0,15
1001858,97,23,1847,194,196,0,0,28
1164697,98,23,1847,196,196,0,0,82
1150167,99,23,1847,194,196,0,1,68
1251608,100,23,1847,195,195,0,1,80
1170894,101,23,1847,196,194,0,1,217
1189801,102,23,1847,196,195,0,1,216
1326817,103,23,1847,202.79,195,0,1,163
1388081,104,23,1847,194,196,0,1,148
1207140,105,23,1847,242.5,242.5,0,0,53
1479258,106,23,1847,242.5,242.5,0,0,55
1153815,107,23,1847,243.5,242.5,0,0,108
1396730,108,23,1847,242.5,244.5,0,0,108
1052853,109,23,1847,242.5,242.5,0,0,109
1463789,110,23,1847,244.5,242.5,0,0,40
1421372,111,23,1847,244.5,244.5,0,0,13
1376992,112,23,1847,243.5,244.5,0,0,15
1236592,113,23,1847,244.5,243.5,0,0,54
1211605,114,23,1847,243.5,244.5,0,0,40
1203238,115,23,1847,243.5,243.5,0,0,41
1049899,116,23,1847,242.5,244.5,0,0,81
1398334,117,23,1847,196,243.5,0,0,69
1052603,118,23,1847,194,244.5,0,0,54
1000265,119,23,1847,194,242.5,0,1,122
1182944,120,23,1847,195,244.5,0,1,161
1315832,121,23,1847,196,244.5,0,1,271
1263472,122,23,1847,195,243.5,0,1,242
1262531,123,23,1847,195,242.5,0,1,285
1291730,124,23,1847,196,244.5,0,1,377
1410515,125,23,1847,195,244.5,0,1,296
1037906,126,23,1847,194,243.5,0,0,284
1280332,127,23,1847,196,244.5,0,1,298
1312229,128,23,1847,195,243.5,0,1,231
1372841,129,23,1847,194,243.5,0,1,271
1277458,130,23,1847,196,242.5,0,1,176
1456545,131,23,1847,194,242.5,0,1,231
1463013,132,23,1847,194,243.5,0,1,177
1218759,133,23,1847,194,244.5,0,1,121
1162429,134,23,1847,194,244.5,0,1,230
1112542,135,23,1847,194,243.5,0,1,244
1216144,136,23,1847,194,242.5,0,1,284
1074673,137,23,1847,196,244.5,0,1,217
1012816,138,23,1847,196,244.5,0,1,94
1128239,139,23,1847,194,243.5,0,1,257
1206797,140,23,1847,195,242.5,0,1,175
1100039,141,23,1847,194,244.5,0,1,188
1358080,142,23,1847,194,242.5,0,1,189
1087865,143,23,1847,196,244.5,0,1,189
1120209,144,23,1847,194,244.5,0,1,188
1380004,145,23,1847,194,242.5,0,1,148
