files/23.csv
id,week,center_id,meal_id,checkout_price,base_price,emailer_for_promotion,homepage_featured,num_orders
1408512,17,23,2577,281.33,281.33,0,0,121
1421807,18,23,2577,280.33,282.33,0,0,95
1070301,19,23,2577,281.33,281.33,0,0,40
1385394,20,23,2577,280.33,280.33,0,0,54
1275741,21,23,2577,280.33,280.33,0,0,15
1248417,22,23,2577,282.33,281.33,0,0,42
1175935,23,23,2577,281.33,281.33,0,0,42
1042204,24,23,2577,280.33,282.33,0,0,27
1066000,25,23,2577,282.33,282.33,0,0,27
1247646,26,23,2577,280.33,282.33,0,0,96
1023884,27,23,2577,280.33,282.33,0,0,53
1398710,28,23,2577,282.33,280.33,0,0,41
1142438,31,23,2577,282.33,281.33,0,0,14
1130605,32,23,2577,282.33,281.33,0,0,69
1244579,33,23,2577,282.33,281.33,0,0,55
1081901,34,23,2577,282.33,282.33,0,0,15
1177492,35,23,2577,282.33,282.33,0,0,14
1433992,40,23,2577,280.33,281.33,0,0,55
1396887,41,23,2577,281.33,281.33,0,0,68
1440696,42,23,2577,280.33,281.33,0,0,41
1217529,43,23,2577,280.33,281.33,0,0,14
1180869,44,23,2577,280.33,280.33,0,0,41
1172577,45,23,2577,281.33,281.33,0,0,28
1420129,46,23,2577,282.33,282.33,0,0,14
1208905,47,23,2577,281.33,280.33,0,0,40
1079962,48,23,2577,282.33,281.33,0,0,27
1185360,49,23,2577,281.33,281.33,0,0,134
1477943,50,23,2577,282.33,282.33,0,0,27
1332028,60,23,2577,291.03,291.03,0,0,81
1445629,61,23,2577,291.03,292.03,0,0,69
1022165,62,23,2577,292.03,291.03,0,0,27
1463769,63,23,2577,291.03,292.03,0,0,42
1063371,64,23,2577,291.03,291.03,0,0,14
1232103,65,23,2577,290.03,291.03,0,0,40
1157342,66,23,2577,292.03,292.03,0,0,27
1357599,67,23,2577,290.03,290.03,0,0,53
1216447,68,23,2577,291.03,292.03,0,0,28
1306451,69,23,2577,292.03,292.03,0,0,28
1243608,71,23,2577,291.03,291.03,0,0,68
1042445,72,23,2577,290.03,290.03,0,0,81
1010957,74,23,2577,292.03,291.03,0,0,67
1345351,75,23,2577,291.03,291.03,0,0,54
1361592,76,23,2577,292.03,292.03,0,0,55
1158178,77,23,2577,292.03,291.03,0,0,123
1419048,78,23,2577,292.03,291.03,0,0,55
1053874,79,23,2577,291.03,291.03,0,0,95
1223430,80,23,2577,291.03,291.03,0,0,40
1236275,81,23,2577,292.03,290.03,0,0,80
1076008,82,23,2577,290.03,290.03,0,0,41
1198235,83,23,2577,291.03,292.03,0,0,54
1029007,84,23,2577,290.03,292.03,0,0,53
1463897,85,23,2577,194.03,292.03,1,1,325
1304704,86,23,2577,197.94,290.03,1,1,485
1252244,87,23,2577,197.94,291.03,1,0,501
1279645,88,23,2577,248.32,291.03,1,0,95
1010249,89,23,2577,291.03,291.03,0,0,95
1400152,90,23,2577,292.03,292.03,0,0,81
1484722,91,23,2577,292.03,291.03,0,0,95
1062421,92,23,2577,290.03,291.03,0,0,80
1421300,93,23,2577,290.03,291.03,0,0,80
1138387,94,23,2577,290.03,291.03,0,0,53
1495979,95,23,2577,290.03,291.03,0,0,82
1342225,96,23,2577,291.03,290.03,0,0,42
1390376,97,23,2577,291.03,290.03,0,0,53
1099945,98,23,2577,290.03,292.03,0,0,55
1271494,99,23,2577,291.03,290.03,0,0,82
1071127,100,23,2577,290.03,292.03,0,0,14
1010279,101,23,2577,290.03,291.03,0,0,15
1011182,102,23,2577,291.03,291.03,0,0,69
1336561,103,23,2577,290.03,291.03,0,0,27
1439187,104,23,2577,291.03,290.03,0,0,53
1300531,105,23,2577,291.03,292.03,0,0,54
1255428,106,23,2577,292.03,292.03,0,0,80
1354822,107,23,2577,213.46,290.03,1,0,80
1109969,108,23,2577,213.46,291.03,1,0,108
1134230,109,23,2577,213.46,291.03,1,0,108
1391058,110,23,2577,212.46,291.03,0,0,95
1380413,112,23,2577,290.03,290.03,0,0,26
1300655,113,23,2577,292.03,292.03,0,0,109
1466440,114,23,2577,290.03,292.03,0,0,53
1080248,115,23,2577,292.03,291.03,0,0,42
1492450,116,23,2577,290.03,291.03,0,0,28
1278062,117,23,2577,292.03,292.03,0,0,55
1020906,118,23,2577,203.7,292.03,1,0,121
1370094,119,23,2577,290.03,292.03,0,0,13
1362398,120,23,2577,292.03,291.03,0,0,42
1368431,121,23,2577,291.03,290.03,0,1,96
1385882,122,23,2577,290.03,291.03,0,1,81
1038839,123,23,2577,241.53,292.03,0,1,108
1461890,124,23,2577,243.53,292.03,0,1,54
1305867,125,23,2577,292.03,292.03,0,1,135
1089053,126,23,2577,291.03,290.03,0,1,80
1258205,127,23,2577,291.03,291.03,0,1,109
1125381,128,23,2577,291.03,291.03,0,0,26
1292485,129,23,2577,290.03,292.03,0,0,13
1001626,130,23,2577,292.03,291.03,0,0,15
1484006,132,23,2577,319.13,319.13,0,0,54
1273809,134,23,2577,319.13,320.13,0,0,53
1368180,135,23,2577,321.13,320.13,0,0,42
1441708,136,23,2577,319.13,321.13,0,0,42
1432544,137,23,2577,319.13,320.13,0,0,54
1099231,138,23,2577,319.13,319.13,0,0,82
1033236,139,23,2577,321.13,319.13,0,0,13
1012840,140,23,2577,321.13,321.13,0,0,28
1386031,141,23,2577,319.13,321.13,0,0,13
1331142,143,23,2577,213.43,320.13,0,0,41
1291606,144,23,2577,319.13,320.13,0,0,26
1132900,145,23,2577,321.13,321.13,0,0,40
1320082,17,23,2664,328.86,327.86,0,0,366
1223839,18,23,2664,328.86,328.86,0,0,311
1184842,19,23,2664,321.1,321.1,0,0,231
1191582,20,23,2664,320.13,319.13,0,0,271
1081452,21,23,2664,320.13,321.13,0,0,285
1354621,22,23,2664,321.13,320.13,0,0,377
1149394,23,23,2664,319.13,319.13,0,0,190
1312523,24,23,2664,319.13,319.13,0,0,270
1011249,25,23,2664,320.13,320.13,0,0,215
1148618,26,23,2664,334.71,333.71,0,0,406
1392878,27,23,2664,271.66,333.71,0,0,447
1433682,28,23,2664,334.71,333.71,0,0,229
1364766,29,23,2664,334.71,333.71,0,0,270
1059477,30,23,2664,334.71,333.71,0,0,500
1000084,31,23,2664,334.71,332.71,0,0,446
1477603,32,23,2664,333.71,333.71,0,0,283
1244512,33,23,2664,332.71,333.71,0,0,312
1355215,34,23,2664,333.71,333.71,0,0,190
1247803,35,23,2664,333.74,331.74,0,0,540
1258967,36,23,2664,334.71,333.71,0,0,339
1356732,37,23,2664,251.23,334.71,0,1,933
1126099,38,23,2664,332.71,333.71,0,0,378
1138948,39,23,2664,334.71,333.71,0,0,541
1461391,40,23,2664,334.71,332.71,0,0,323
1242003,41,23,2664,332.71,334.71,0,0,189
1197519,42,23,2664,272.6,334.71,0,0,512
1124485,43,23,2664,332.71,332.71,0,0,283
1386669,44,23,2664,333.71,333.71,0,0,350
1147598,45,23,2664,334.71,332.71,0,0,298
1088549,46,23,2664,334.71,333.71,0,0,96
1451931,47,23,2664,332.71,332.71,0,0,177
1172672,48,23,2664,332.71,332.71,0,0,526
1254656,49,23,2664,334.71,332.71,0,0,447
1449974,50,23,2664,332.71,332.71,0,0,324
1011351,51,23,2664,334.71,333.71,0,0,257
1350453,52,23,2664,333.71,332.71,0,0,311
1304724,53,23,2664,333.71,332.71,0,0,432
1240048,54,23,2664,332.71,334.71,0,0,311
1488184,55,23,2664,332.71,334.71,0,0,284
1129349,56,23,2664,267.78,333.71,1,1,823
1179298,57,23,2664,264.81,332.71,1,1,1162
1221817,58,23,2664,333.71,333.71,0,0,310
1309334,59,23,2664,321.13,319.13,0,0,161
1441112,60,23,2664,302.67,302.67,0,0,405
1443958,61,23,2664,298.82,298.82,0,0,487
1033769,63,23,2664,297.85,297.85,0,0,229
1372914,64,23,2664,302.67,302.67,0,0,404
1492325,65,23,2664,333.71,334.71,0,0,312
1155702,66,23,2664,334.71,334.71,0,0,242
1293709,67,23,2664,332.71,332.71,0,0,338
1413135,68,23,2664,334.71,334.71,0,0,297
1346100,69,23,2664,334.71,333.71,0,0,580
1033060,70,23,2664,333.71,333.71,0,0,82
1031182,71,23,2664,333.71,332.71,0,0,216
1491401,72,23,2664,334.71,334.71,0,0,337
1167798,73,23,2664,333.71,333.71,0,0,350
1147976,74,23,2664,332.71,334.71,0,0,312
1017374,75,23,2664,334.71,333.71,0,0,202
1186576,76,23,2664,332.71,334.71,0,0,257
1070956,77,23,2664,334.71,333.71,0,0,257
1214176,78,23,2664,334.71,333.71,0,0,433
1059163,79,23,2664,334.71,334.71,0,0,229
1382822,80,23,2664,332.71,334.71,0,0,42
1359812,81,23,2664,333.71,334.71,0,0,285
1143229,82,23,2664,255.14,332.71,1,1,1000
1360836,83,23,2664,314.28,316.28,0,0,310
1000131,84,23,2664,304.64,302.64,0,0,365
1084975,85,23,2664,314.28,316.28,0,0,311
1364841,86,23,2664,315.28,316.28,0,0,244
1116153,87,23,2664,314.28,315.28,0,0,418
1125157,88,23,2664,316.28,315.28,0,0,258
1155456,89,23,2664,296.88,294.88,0,0,338
1009650,90,23,2664,316.28,316.28,0,0,323
1267050,91,23,2664,315.28,315.28,0,0,486
1308814,92,23,2664,314.28,316.28,0,0,270
1103897,93,23,2664,308.46,308.46,0,0,364
1037921,94,23,2664,310.46,310.46,0,0,284
1394586,95,23,2664,309.46,310.46,0,0,175
1466088,96,23,2664,308.46,309.46,0,0,285
1431468,97,23,2664,310.46,308.46,0,0,41
1199284,98,23,2664,274.51,309.46,0,0,242
1059329,99,23,2664,307.49,307.49,0,0,420
1485560,100,23,2664,309.46,309.46,0,0,393
1362919,101,23,2664,291.03,292.03,0,0,231
1067845,102,23,2664,296.82,298.82,0,0,325
1089078,103,23,2664,304.64,304.64,0,0,338
1104979,104,23,2664,303.64,303.64,0,0,431
1207892,105,23,2664,303.64,303.64,0,0,296
1092989,106,23,2664,293,292,0,0,337
1346770,107,23,2664,302.64,303.64,0,0,310
1461599,108,23,2664,302.64,303.64,0,0,379
1333177,109,23,2664,303.67,303.67,0,0,485
1120148,110,23,2664,302.64,304.64,0,0,378
1096550,111,23,2664,293.91,294.91,0,0,458
1089233,112,23,2664,302.64,304.64,0,0,405
1400447,113,23,2664,304.64,302.64,0,0,391
1251375,114,23,2664,304.64,304.64,0,0,312
1241267,115,23,2664,247.41,304.64,1,1,960
1284153,116,23,2664,243.47,304.64,1,1,960
1043642,117,23,2664,304.64,304.64,0,0,366
1247007,118,23,2664,304.64,304.64,0,0,244
1295375,119,23,2664,302.64,304.64,0,0,337
1227368,120,23,2664,304.64,304.64,0,0,283
1435509,121,23,2664,302.64,303.64,0,0,487
1408466,122,23,2664,299.79,298.79,0,0,377
1178229,123,23,2664,290.09,288.09,0,0,419
1107691,124,23,2664,302.64,302.64,0,0,419
1020994,125,23,2664,303.64,302.64,0,0,405
1411055,126,23,2664,302.64,302.64,0,0,405
1289198,127,23,2664,303.64,304.64,0,0,365
1004664,128,23,2664,303.64,304.64,0,0,337
1331100,129,23,2664,302.64,304.64,0,0,202
1076738,130,23,2664,294.88,295.88,0,0,256
1449516,131,23,2664,302.64,304.64,0,0,242
1247938,132,23,2664,302.64,303.64,0,0,82
1384230,133,23,2664,302.64,303.64,0,0,176
1286929,134,23,2664,303.64,304.64,0,0,108
1168761,135,23,2664,303.61,304.61,0,0,256
1313149,136,23,2664,322.04,322.04,0,0,94
1107636,137,23,2664,322.04,322.04,0,0,135
1476041,138,23,2664,322.04,323.04,0,0,95
1148799,139,23,2664,304.64,302.64,0,0,231
1012039,140,23,2664,323.04,323.04,0,0,163
1245751,141,23,2664,323.04,322.04,0,0,80
1463162,142,23,2664,323.04,323.04,0,0,122
1301760,143,23,2664,323.07,322.07,0,0,176
1229657,144,23,2664,246.41,323.07,1,1,513
1358610,145,23,2664,241.53,322.07,0,0,243
1217332,23,23,2490,252.2,254.2,0,0,54
1035427,24,23,2490,253.2,252.2,0,0,283
1326216,25,23,2490,248.35,249.35,0,0,365
1391391,26,23,2490,252.2,252.2,0,0,432
1206603,27,23,2490,254.2,253.2,0,0,311
1209602,28,23,2490,254.2,254.2,0,0,257
1485057,29,23,2490,254.2,253.2,0,0,337
1421287,30,23,2490,252.2,254.2,0,0,364
1430037,31,23,2490,195.03,254.2,1,1,1850
1246701,32,23,2490,249.35,249.35,0,0,351
1293911,33,23,2490,253.2,252.2,0,0,190
1151921,34,23,2490,252.2,254.2,0,0,243
1447063,35,23,2490,254.2,252.2,0,0,865
1074189,36,23,2490,253.2,254.2,0,0,499
1136755,37,23,2490,253.2,252.2,0,0,217
1309348,38,23,2490,254.2,252.2,0,0,312
1046139,39,23,2490,252.2,252.2,0,0,608
1467648,40,23,2490,253.2,252.2,0,0,377
1349141,41,23,2490,249.29,249.29,0,0,337
1204258,42,23,2490,175.6,249.29,1,1,1257
1210784,43,23,2490,246.44,245.44,0,0,445
1174559,44,23,2490,252.2,253.2,0,0,837
1366473,45,23,2490,248.38,248.38,0,0,541
1095987,46,23,2490,253.2,254.2,0,0,285
1041182,47,23,2490,254.2,254.2,0,0,337
1254264,48,23,2490,193.03,254.2,1,1,2672
1324589,49,23,2490,195,253.2,0,0,1014
1212823,50,23,2490,245.44,244.44,0,0,406
1034232,51,23,2490,254.2,254.2,0,0,338
1013442,52,23,2490,195,253.2,1,1,1660
1192907,53,23,2490,194,253.2,0,0,1121
1380438,54,23,2490,253.2,254.2,0,0,485
1289093,55,23,2490,252.2,253.2,0,0,431
1205875,56,23,2490,253.2,253.2,0,0,202
1211511,57,23,2490,253.2,253.2,0,0,325
1202171,58,23,2490,254.2,252.2,0,0,271
1278638,59,23,2490,254.2,252.2,0,0,163
1329004,60,23,2490,254.2,252.2,0,0,96
1019875,61,23,2490,254.2,252.2,0,0,312
1103658,62,23,2490,252.2,254.2,0,0,69
1287945,63,23,2490,253.2,254.2,0,0,40
1480095,64,23,2490,252.2,254.2,0,0,121
1221074,65,23,2490,190.18,254.2,1,1,1540
1037115,66,23,2490,241.59,241.59,0,0,445
1122950,67,23,2490,254.2,253.2,0,0,269
1452272,68,23,2490,252.2,253.2,0,0,244
1186422,69,23,2490,253.2,254.2,0,0,231
1452061,70,23,2490,253.2,252.2,0,0,296
1053398,71,23,2490,253.2,253.2,0,0,243
1426142,72,23,2490,254.2,253.2,0,0,243
1248294,73,23,2490,253.2,254.2,0,0,177
1016343,74,23,2490,253.2,253.2,0,0,107
1255992,75,23,2490,252.2,252.2,0,0,298
1217975,76,23,2490,146.5,254.2,1,1,1808
1313594,77,23,2490,145.53,253.2,0,1,1876
1395123,78,23,2490,144.53,253.2,1,1,2294
1083051,79,23,2490,146.53,252.2,1,1,2039
1323364,80,23,2490,206.61,253.2,0,0,391
1368773,81,23,2490,215.4,252.2,0,0,244
1245278,82,23,2490,215.4,252.2,0,0,283
1352387,83,23,2490,304.61,303.61,0,0,121
1486458,84,23,2490,328.83,328.83,0,0,69
1321221,85,23,2490,193.03,330.83,0,0,337
1001992,86,23,2490,194.03,329.83,0,0,540
1217662,87,23,2490,195.03,329.83,0,0,674
1044390,88,23,2490,194,329.83,0,0,864
1481795,89,23,2490,280.36,329.83,0,0,244
1375779,90,23,2490,194.06,330.83,1,1,1228
1317961,91,23,2490,193.03,329.83,1,1,1498
1296012,92,23,2490,264.84,330.83,0,0,310
1252610,93,23,2490,279.36,281.36,0,0,177
1082187,94,23,2490,195.03,280.36,1,1,958
1235999,95,23,2490,281.36,280.36,0,0,176
1136448,96,23,2490,281.36,279.36,0,0,392
1362250,97,23,2490,280.36,279.36,0,0,217
1247543,98,23,2490,280.36,280.36,0,0,243
1249286,99,23,2490,279.36,279.36,0,0,204
1436776,100,23,2490,280.36,279.36,0,0,406
1294750,101,23,2490,280.36,279.36,0,0,271
1440700,102,23,2490,280.36,281.36,0,0,188
1286534,103,23,2490,281.36,280.36,0,0,149
1132856,104,23,2490,279.36,279.36,0,0,352
1008487,105,23,2490,281.36,279.36,0,0,526
1496634,106,23,2490,281.36,280.36,0,0,581
1208226,107,23,2490,280.36,279.36,0,0,365
1084730,108,23,2490,280.36,280.36,0,0,150
1244149,109,23,2490,281.36,281.36,0,0,338
1000779,110,23,2490,291.03,290.03,0,0,161
1405262,111,23,2490,291.03,290.03,0,0,134
1366378,112,23,2490,250.32,292.03,0,0,95
1005496,113,23,2490,292.03,290.03,0,0,324
1297396,114,23,2490,292.03,291.03,0,0,189
1178207,115,23,2490,291.03,292.03,0,0,41
1330094,116,23,2490,291.03,292.03,0,0,94
1028283,117,23,2490,183.36,292.03,1,1,1997
1013809,118,23,2490,182.36,290.03,1,1,1959
1375429,119,23,2490,285.18,286.18,0,0,324
1136273,120,23,2490,291.03,292.03,0,0,107
1488189,121,23,2490,290.03,290.03,0,0,163
1015926,122,23,2490,277.45,276.45,0,0,285
1217749,123,23,2490,291.03,291.03,0,0,82
1452279,124,23,2490,292.03,291.03,0,0,122
1309520,125,23,2490,195,292.03,1,1,1095
1294755,126,23,2490,265.84,292.03,1,0,554
1374530,127,23,2490,290.03,291.03,0,0,202
1382249,128,23,2490,291.03,292.03,0,0,134
1123982,129,23,2490,292.03,292.03,0,0,150
1239828,130,23,2490,291.03,291.03,0,0,338
1023146,131,23,2490,292.03,292.03,0,0,339
1131436,132,23,2490,290.03,292.03,0,0,203
1181634,133,23,2490,290.03,292.03,0,0,149
1022091,134,23,2490,290.03,291.03,0,0,310
1211699,135,23,2490,284.24,284.24,0,0,541
1158458,136,23,2490,291.03,292.03,0,0,298
1123546,137,23,2490,290.03,291.03,0,0,188
1108482,138,23,2490,290.03,291.03,0,0,148
1434237,139,23,2490,291.03,292.03,0,0,256
1012214,140,23,2490,245.41,291.03,1,1,837
1369752,141,23,2490,288.12,288.12,0,0,256
1163994,142,23,2490,292.03,292.03,0,0,136
1347323,143,23,2490,292.03,292.03,0,0,175
1169422,144,23,2490,291.03,292.03,0,0,217
1332059,145,23,2490,291.03,292.03,0,0,162
